build[champion]: 8000 new seeds
[build] 25/8000 13s eta 69.4m (115/min) kept 25 units={'parti': 24, 'ulti': 4, '40_100': 1}
[build] 50/8000 23s eta 61.4m (129/min) kept 50 units={'parti': 48, 'ulti': 10, '40_100': 1, 'betli': 1}
[build] 75/8000 34s eta 59.5m (133/min) kept 75 units={'parti': 70, 'ulti': 16, '40_100': 3, 'betli': 1, 'durchmars': 1}
[build] 100/8000 39s eta 52.0m (152/min) kept 100 units={'parti': 93, 'ulti': 21, '40_100': 3, 'betli': 2, 'durchmars': 2}
[build] 125/8000 49s eta 51.5m (153/min) kept 125 units={'parti': 117, 'ulti': 29, '40_100': 3, 'betli': 2, 'durchmars': 3, '20_100': 1}
[build] 150/8000 57s eta 49.5m (159/min) kept 150 units={'parti': 140, 'ulti': 37, '40_100': 4, 'betli': 2, 'durchmars': 4, '20_100': 1}
[build] 175/8000 64s eta 47.8m (164/min) kept 175 units={'parti': 162, 'ulti': 42, '40_100': 4, 'betli': 3, 'durchmars': 6, '20_100': 1}
[build] 200/8000 71s eta 45.9m (170/min) kept 200 units={'parti': 187, 'ulti': 49, '40_100': 4, 'betli': 3, 'durchmars': 6, '20_100': 1}
[build] 225/8000 79s eta 45.4m (171/min) kept 225 units={'parti': 212, 'ulti': 52, '40_100': 4, 'betli': 3, 'durchmars': 6, '20_100': 1}
[build] 250/8000 85s eta 43.9m (177/min) kept 250 units={'parti': 234, 'ulti': 56, '40_100': 5, 'betli': 4, 'durchmars': 7, '20_100': 1}
[build] 275/8000 97s eta 45.4m (170/min) kept 275 units={'parti': 258, 'ulti': 59, '40_100': 5, 'betli': 5, 'durchmars': 7, '20_100': 1}
[build] 300/8000 106s eta 45.3m (170/min) kept 300 units={'parti': 282, 'ulti': 64, '40_100': 5, 'betli': 6, 'durchmars': 7, '20_100': 1}
[build] 325/8000 115s eta 45.1m (170/min) kept 325 units={'parti': 304, 'ulti': 72, '40_100': 8, 'betli': 6, 'durchmars': 7, '20_100': 1}
[build] 350/8000 123s eta 44.6m (171/min) kept 350 units={'parti': 326, 'ulti': 79, '40_100': 10, 'betli': 7, 'durchmars': 7, '20_100': 1}
[build] 375/8000 130s eta 44.0m (173/min) kept 375 units={'parti': 348, 'ulti': 85, '40_100': 11, 'betli': 9, 'durchmars': 8, '20_100': 1}
[build] 400/8000 136s eta 43.2m (176/min) kept 400 units={'parti': 367, 'ulti': 92, '40_100': 11, 'betli': 12, 'durchmars': 9, '20_100': 3}
[build] 425/8000 146s eta 43.3m (175/min) kept 425 units={'parti': 390, 'ulti': 99, '40_100': 11, 'betli': 13, 'durchmars': 9, '20_100': 4}
[build] 450/8000 153s eta 42.9m (176/min) kept 450 units={'parti': 413, 'ulti': 103, '40_100': 11, 'betli': 14, 'durchmars': 9, '20_100': 5}
[build] 475/8000 164s eta 43.3m (174/min) kept 475 units={'parti': 433, 'ulti': 106, '40_100': 13, 'betli': 16, 'durchmars': 10, '20_100': 5}
[build] 500/8000 174s eta 43.4m (173/min) kept 500 units={'parti': 455, 'ulti': 110, '40_100': 13, 'betli': 18, 'durchmars': 11, '20_100': 6}
[build] 525/8000 182s eta 43.3m (173/min) kept 525 units={'parti': 479, 'ulti': 113, '40_100': 13, 'betli': 18, 'durchmars': 12, '20_100': 6}
[build] 550/8000 189s eta 42.7m (174/min) kept 550 units={'parti': 503, 'ulti': 117, '40_100': 13, 'betli': 19, 'durchmars': 12, '20_100': 6}
[build] 575/8000 199s eta 42.8m (173/min) kept 575 units={'parti': 523, 'ulti': 125, '40_100': 16, 'betli': 20, 'durchmars': 13, '20_100': 6}
[build] 600/8000 205s eta 42.1m (176/min) kept 600 units={'parti': 545, 'ulti': 131, '40_100': 18, 'betli': 21, 'durchmars': 13, '20_100': 6}
[build] 625/8000 211s eta 41.6m (177/min) kept 625 units={'parti': 567, 'ulti': 134, '40_100': 18, 'betli': 23, 'durchmars': 14, '20_100': 6}
[build] 650/8000 217s eta 40.9m (180/min) kept 650 units={'parti': 590, 'ulti': 140, '40_100': 19, 'betli': 24, 'durchmars': 14, '20_100': 7}
[build] 675/8000 225s eta 40.6m (180/min) kept 675 units={'parti': 611, 'ulti': 144, '40_100': 20, 'betli': 25, 'durchmars': 16, '20_100': 8}
[build] 700/8000 234s eta 40.7m (179/min) kept 700 units={'parti': 635, 'ulti': 152, '40_100': 20, 'betli': 25, 'durchmars': 16, '20_100': 9}
[build] 725/8000 242s eta 40.5m (180/min) kept 725 units={'parti': 657, 'ulti': 160, '40_100': 21, 'betli': 26, 'durchmars': 17, '20_100': 9}
[build] 750/8000 248s eta 40.0m (181/min) kept 750 units={'parti': 679, 'ulti': 164, '40_100': 21, 'betli': 28, 'durchmars': 18, '20_100': 9}
[build] 775/8000 257s eta 39.9m (181/min) kept 775 units={'parti': 702, 'ulti': 172, '40_100': 22, 'betli': 29, 'durchmars': 18, '20_100': 9}
[build] 800/8000 263s eta 39.5m (182/min) kept 800 units={'parti': 725, 'ulti': 177, '40_100': 23, 'betli': 30, 'durchmars': 18, '20_100': 9}
[build] 825/8000 274s eta 39.7m (181/min) kept 825 units={'parti': 748, 'ulti': 185, '40_100': 23, 'betli': 31, 'durchmars': 19, '20_100': 10}
[build] 850/8000 281s eta 39.5m (181/min) kept 850 units={'parti': 772, 'ulti': 189, '40_100': 23, 'betli': 31, 'durchmars': 20, '20_100': 10}
[build] 875/8000 290s eta 39.3m (181/min) kept 875 units={'parti': 795, 'ulti': 195, '40_100': 23, 'betli': 31, 'durchmars': 22, '20_100': 10}
[build] 900/8000 297s eta 39.0m (182/min) kept 900 units={'parti': 816, 'ulti': 201, '40_100': 26, 'betli': 31, 'durchmars': 22, '20_100': 11}
[build] 925/8000 304s eta 38.8m (182/min) kept 925 units={'parti': 840, 'ulti': 208, '40_100': 27, 'betli': 31, 'durchmars': 22, '20_100': 11}
[build] 950/8000 312s eta 38.6m (182/min) kept 950 units={'parti': 862, 'ulti': 213, '40_100': 28, 'betli': 33, 'durchmars': 22, '20_100': 11}
[build] 975/8000 320s eta 38.4m (183/min) kept 975 units={'parti': 885, 'ulti': 218, '40_100': 30, 'betli': 33, 'durchmars': 23, '20_100': 11}
[build] 1000/8000 330s eta 38.5m (182/min) kept 1000 units={'parti': 909, 'ulti': 227, '40_100': 30, 'betli': 33, 'durchmars': 24, '20_100': 11}
[build] 1025/8000 338s eta 38.3m (182/min) kept 1025 units={'parti': 929, 'ulti': 229, '40_100': 30, 'betli': 34, 'durchmars': 28, '20_100': 13}
[build] 1050/8000 346s eta 38.2m (182/min) kept 1050 units={'parti': 953, 'ulti': 235, '40_100': 30, 'betli': 34, 'durchmars': 28, '20_100': 14}
[build] 1075/8000 354s eta 38.0m (182/min) kept 1075 units={'parti': 974, 'ulti': 244, '40_100': 31, 'betli': 35, 'durchmars': 30, '20_100': 14}
[build] 1100/8000 363s eta 38.0m (182/min) kept 1100 units={'parti': 995, 'ulti': 250, '40_100': 32, 'betli': 35, 'durchmars': 31, '20_100': 16}
[build] 1125/8000 372s eta 37.9m (181/min) kept 1125 units={'parti': 1018, 'ulti': 255, '40_100': 32, 'betli': 36, 'durchmars': 31, '20_100': 17}
[build] 1150/8000 380s eta 37.7m (182/min) kept 1150 units={'parti': 1039, 'ulti': 267, '40_100': 35, 'betli': 37, 'durchmars': 31, '20_100': 17}
[build] 1175/8000 390s eta 37.7m (181/min) kept 1175 units={'parti': 1062, 'ulti': 275, '40_100': 35, 'betli': 38, 'durchmars': 32, '20_100': 17}
[build] 1200/8000 399s eta 37.7m (180/min) kept 1200 units={'parti': 1086, 'ulti': 283, '40_100': 36, 'betli': 38, 'durchmars': 32, '20_100': 17}
[build] 1225/8000 410s eta 37.8m (179/min) kept 1225 units={'parti': 1108, 'ulti': 287, '40_100': 37, 'betli': 39, 'durchmars': 32, '20_100': 18}
[build] 1250/8000 416s eta 37.5m (180/min) kept 1250 units={'parti': 1132, 'ulti': 293, '40_100': 38, 'betli': 39, 'durchmars': 32, '20_100': 18}
[build] 1275/8000 423s eta 37.2m (181/min) kept 1275 units={'parti': 1155, 'ulti': 299, '40_100': 38, 'betli': 40, 'durchmars': 33, '20_100': 18}
[build] 1300/8000 431s eta 37.0m (181/min) kept 1300 units={'parti': 1180, 'ulti': 305, '40_100': 38, 'betli': 40, 'durchmars': 33, '20_100': 18}
[build] 1325/8000 442s eta 37.2m (180/min) kept 1325 units={'parti': 1202, 'ulti': 307, '40_100': 39, 'betli': 40, 'durchmars': 35, '20_100': 19}
[build] 1350/8000 449s eta 36.9m (180/min) kept 1350 units={'parti': 1226, 'ulti': 316, '40_100': 39, 'betli': 40, 'durchmars': 36, '20_100': 19}
[build] 1375/8000 456s eta 36.6m (181/min) kept 1375 units={'parti': 1249, 'ulti': 325, '40_100': 39, 'betli': 40, 'durchmars': 38, '20_100': 20}
[build] 1400/8000 465s eta 36.5m (181/min) kept 1400 units={'parti': 1273, 'ulti': 329, '40_100': 40, 'betli': 40, 'durchmars': 38, '20_100': 20}
[build] 1425/8000 473s eta 36.4m (181/min) kept 1425 units={'parti': 1296, 'ulti': 331, '40_100': 40, 'betli': 41, 'durchmars': 39, '20_100': 21}
[build] 1450/8000 479s eta 36.1m (182/min) kept 1450 units={'parti': 1318, 'ulti': 335, '40_100': 42, 'betli': 41, 'durchmars': 40, '20_100': 21}
[build] 1475/8000 487s eta 35.9m (182/min) kept 1475 units={'parti': 1340, 'ulti': 341, '40_100': 43, 'betli': 42, 'durchmars': 40, '20_100': 22}
[build] 1500/8000 495s eta 35.8m (182/min) kept 1500 units={'parti': 1361, 'ulti': 348, '40_100': 45, 'betli': 42, 'durchmars': 42, '20_100': 23}
[build] 1525/8000 505s eta 35.7m (181/min) kept 1525 units={'parti': 1384, 'ulti': 354, '40_100': 47, 'betli': 42, 'durchmars': 42, '20_100': 23}
[build] 1550/8000 513s eta 35.6m (181/min) kept 1550 units={'parti': 1408, 'ulti': 365, '40_100': 48, 'betli': 42, 'durchmars': 42, '20_100': 23}
[build] 1575/8000 522s eta 35.5m (181/min) kept 1575 units={'parti': 1430, 'ulti': 374, '40_100': 50, 'betli': 42, 'durchmars': 44, '20_100': 23}
[build] 1600/8000 532s eta 35.5m (180/min) kept 1600 units={'parti': 1454, 'ulti': 382, '40_100': 51, 'betli': 42, 'durchmars': 45, '20_100': 23}
[build] 1625/8000 542s eta 35.4m (180/min) kept 1625 units={'parti': 1478, 'ulti': 391, '40_100': 52, 'betli': 42, 'durchmars': 45, '20_100': 23}
[build] 1650/8000 553s eta 35.4m (179/min) kept 1650 units={'parti': 1501, 'ulti': 398, '40_100': 53, 'betli': 42, 'durchmars': 46, '20_100': 23}
[build] 1675/8000 559s eta 35.2m (180/min) kept 1675 units={'parti': 1525, 'ulti': 411, '40_100': 54, 'betli': 42, 'durchmars': 47, '20_100': 23}
[build] 1700/8000 567s eta 35.0m (180/min) kept 1700 units={'parti': 1546, 'ulti': 414, '40_100': 56, 'betli': 43, 'durchmars': 48, '20_100': 23}
[build] 1725/8000 573s eta 34.8m (181/min) kept 1725 units={'parti': 1569, 'ulti': 421, '40_100': 57, 'betli': 43, 'durchmars': 48, '20_100': 24}
[build] 1750/8000 583s eta 34.7m (180/min) kept 1750 units={'parti': 1589, 'ulti': 424, '40_100': 60, 'betli': 44, 'durchmars': 49, '20_100': 24}
[build] 1775/8000 591s eta 34.5m (180/min) kept 1775 units={'parti': 1610, 'ulti': 433, '40_100': 62, 'betli': 46, 'durchmars': 49, '20_100': 24}
[build] 1800/8000 597s eta 34.3m (181/min) kept 1800 units={'parti': 1631, 'ulti': 438, '40_100': 63, 'betli': 47, 'durchmars': 51, '20_100': 24}
[build] 1825/8000 606s eta 34.2m (181/min) kept 1825 units={'parti': 1655, 'ulti': 443, '40_100': 63, 'betli': 47, 'durchmars': 51, '20_100': 25}
[build] 1850/8000 614s eta 34.0m (181/min) kept 1850 units={'parti': 1676, 'ulti': 450, '40_100': 66, 'betli': 48, 'durchmars': 52, '20_100': 25}
[build] 1875/8000 624s eta 34.0m (180/min) kept 1875 units={'parti': 1701, 'ulti': 455, '40_100': 66, 'betli': 48, 'durchmars': 52, '20_100': 25}
[build] 1900/8000 634s eta 33.9m (180/min) kept 1900 units={'parti': 1724, 'ulti': 463, '40_100': 67, 'betli': 48, 'durchmars': 53, '20_100': 25}
[build] 1925/8000 645s eta 33.9m (179/min) kept 1925 units={'parti': 1745, 'ulti': 472, '40_100': 68, 'betli': 49, 'durchmars': 54, '20_100': 26}
[build] 1950/8000 657s eta 34.0m (178/min) kept 1950 units={'parti': 1770, 'ulti': 482, '40_100': 68, 'betli': 49, 'durchmars': 54, '20_100': 26}
[build] 1975/8000 665s eta 33.8m (178/min) kept 1975 units={'parti': 1792, 'ulti': 484, '40_100': 70, 'betli': 49, 'durchmars': 55, '20_100': 27}
[build] 2000/8000 675s eta 33.7m (178/min) kept 2000 units={'parti': 1817, 'ulti': 487, '40_100': 70, 'betli': 49, 'durchmars': 55, '20_100': 27}
[build] 2025/8000 681s eta 33.5m (178/min) kept 2025 units={'parti': 1839, 'ulti': 491, '40_100': 70, 'betli': 50, 'durchmars': 57, '20_100': 27}
[build] 2050/8000 691s eta 33.4m (178/min) kept 2050 units={'parti': 1862, 'ulti': 498, '40_100': 71, 'betli': 50, 'durchmars': 57, '20_100': 28}
[build] 2075/8000 698s eta 33.2m (178/min) kept 2075 units={'parti': 1883, 'ulti': 502, '40_100': 71, 'betli': 52, 'durchmars': 58, '20_100': 29}
[build] 2100/8000 706s eta 33.1m (179/min) kept 2100 units={'parti': 1907, 'ulti': 509, '40_100': 72, 'betli': 52, 'durchmars': 59, '20_100': 29}
[build] 2125/8000 714s eta 32.9m (179/min) kept 2125 units={'parti': 1930, 'ulti': 515, '40_100': 73, 'betli': 52, 'durchmars': 59, '20_100': 30}
[build] 2150/8000 722s eta 32.8m (179/min) kept 2150 units={'parti': 1953, 'ulti': 520, '40_100': 74, 'betli': 52, 'durchmars': 60, '20_100': 30}
[build] 2175/8000 731s eta 32.6m (179/min) kept 2175 units={'parti': 1977, 'ulti': 527, '40_100': 75, 'betli': 52, 'durchmars': 60, '20_100': 30}
[build] 2200/8000 740s eta 32.5m (178/min) kept 2200 units={'parti': 2000, 'ulti': 536, '40_100': 77, 'betli': 52, 'durchmars': 60, '20_100': 30}
[build] 2225/8000 750s eta 32.4m (178/min) kept 2225 units={'parti': 2024, 'ulti': 544, '40_100': 77, 'betli': 52, 'durchmars': 61, '20_100': 30}
[build] 2250/8000 760s eta 32.3m (178/min) kept 2250 units={'parti': 2049, 'ulti': 546, '40_100': 77, 'betli': 52, 'durchmars': 61, '20_100': 30}
[build] 2275/8000 765s eta 32.1m (179/min) kept 2275 units={'parti': 2069, 'ulti': 551, '40_100': 79, 'betli': 53, 'durchmars': 62, '20_100': 31}
[build] 2300/8000 774s eta 31.9m (178/min) kept 2300 units={'parti': 2092, 'ulti': 552, '40_100': 80, 'betli': 54, 'durchmars': 63, '20_100': 31}
[build] 2325/8000 784s eta 31.9m (178/min) kept 2325 units={'parti': 2115, 'ulti': 553, '40_100': 80, 'betli': 54, 'durchmars': 65, '20_100': 31}
[build] 2350/8000 794s eta 31.8m (178/min) kept 2350 units={'parti': 2138, 'ulti': 561, '40_100': 80, 'betli': 54, 'durchmars': 67, '20_100': 31}
[build] 2375/8000 801s eta 31.6m (178/min) kept 2375 units={'parti': 2162, 'ulti': 567, '40_100': 80, 'betli': 54, 'durchmars': 67, '20_100': 32}
[build] 2400/8000 813s eta 31.6m (177/min) kept 2400 units={'parti': 2183, 'ulti': 574, '40_100': 83, 'betli': 55, 'durchmars': 67, '20_100': 32}
[build] 2425/8000 821s eta 31.5m (177/min) kept 2425 units={'parti': 2206, 'ulti': 577, '40_100': 84, 'betli': 55, 'durchmars': 67, '20_100': 33}
[build] 2450/8000 829s eta 31.3m (177/min) kept 2450 units={'parti': 2229, 'ulti': 583, '40_100': 85, 'betli': 55, 'durchmars': 69, '20_100': 33}
[build] 2475/8000 837s eta 31.1m (177/min) kept 2475 units={'parti': 2252, 'ulti': 589, '40_100': 85, 'betli': 56, 'durchmars': 70, '20_100': 34}
[build] 2500/8000 846s eta 31.0m (177/min) kept 2500 units={'parti': 2274, 'ulti': 590, '40_100': 88, 'betli': 56, 'durchmars': 71, '20_100': 34}
[build] 2525/8000 854s eta 30.9m (177/min) kept 2525 units={'parti': 2299, 'ulti': 594, '40_100': 88, 'betli': 56, 'durchmars': 71, '20_100': 34}
[build] 2550/8000 862s eta 30.7m (178/min) kept 2550 units={'parti': 2324, 'ulti': 596, '40_100': 88, 'betli': 56, 'durchmars': 71, '20_100': 34}
[build] 2575/8000 870s eta 30.5m (178/min) kept 2575 units={'parti': 2344, 'ulti': 602, '40_100': 91, 'betli': 57, 'durchmars': 73, '20_100': 34}
[build] 2600/8000 879s eta 30.4m (178/min) kept 2600 units={'parti': 2366, 'ulti': 607, '40_100': 93, 'betli': 57, 'durchmars': 74, '20_100': 34}
[build] 2625/8000 886s eta 30.2m (178/min) kept 2625 units={'parti': 2388, 'ulti': 613, '40_100': 94, 'betli': 58, 'durchmars': 75, '20_100': 34}
[build] 2650/8000 895s eta 30.1m (178/min) kept 2650 units={'parti': 2411, 'ulti': 619, '40_100': 95, 'betli': 58, 'durchmars': 76, '20_100': 34}
[build] 2675/8000 903s eta 30.0m (178/min) kept 2675 units={'parti': 2432, 'ulti': 624, '40_100': 98, 'betli': 59, 'durchmars': 76, '20_100': 34}
[build] 2700/8000 910s eta 29.8m (178/min) kept 2700 units={'parti': 2453, 'ulti': 635, '40_100': 100, 'betli': 60, 'durchmars': 77, '20_100': 35}
[build] 2725/8000 919s eta 29.6m (178/min) kept 2725 units={'parti': 2474, 'ulti': 647, '40_100': 103, 'betli': 60, 'durchmars': 79, '20_100': 36}
[build] 2750/8000 928s eta 29.5m (178/min) kept 2750 units={'parti': 2497, 'ulti': 650, '40_100': 104, 'betli': 61, 'durchmars': 79, '20_100': 36}
[build] 2775/8000 935s eta 29.3m (178/min) kept 2775 units={'parti': 2520, 'ulti': 660, '40_100': 106, 'betli': 61, 'durchmars': 79, '20_100': 36}
[build] 2800/8000 944s eta 29.2m (178/min) kept 2800 units={'parti': 2543, 'ulti': 663, '40_100': 107, 'betli': 62, 'durchmars': 79, '20_100': 36}
[build] 2825/8000 954s eta 29.1m (178/min) kept 2825 units={'parti': 2564, 'ulti': 671, '40_100': 109, 'betli': 64, 'durchmars': 79, '20_100': 36}
[build] 2850/8000 963s eta 29.0m (178/min) kept 2850 units={'parti': 2586, 'ulti': 679, '40_100': 109, 'betli': 65, 'durchmars': 81, '20_100': 36}
[build] 2875/8000 972s eta 28.9m (177/min) kept 2875 units={'parti': 2607, 'ulti': 685, '40_100': 112, 'betli': 66, 'durchmars': 81, '20_100': 36}
[build] 2900/8000 980s eta 28.7m (177/min) kept 2900 units={'parti': 2629, 'ulti': 692, '40_100': 112, 'betli': 66, 'durchmars': 84, '20_100': 36}
[build] 2925/8000 989s eta 28.6m (177/min) kept 2925 units={'parti': 2650, 'ulti': 698, '40_100': 114, 'betli': 67, 'durchmars': 84, '20_100': 37}
[build] 2950/8000 996s eta 28.4m (178/min) kept 2950 units={'parti': 2671, 'ulti': 703, '40_100': 117, 'betli': 67, 'durchmars': 85, '20_100': 37}
[build] 2975/8000 1005s eta 28.3m (178/min) kept 2975 units={'parti': 2694, 'ulti': 708, '40_100': 118, 'betli': 68, 'durchmars': 85, '20_100': 37}
[build] 3000/8000 1015s eta 28.2m (177/min) kept 3000 units={'parti': 2716, 'ulti': 710, '40_100': 120, 'betli': 68, 'durchmars': 85, '20_100': 38}
[build] 3025/8000 1025s eta 28.1m (177/min) kept 3025 units={'parti': 2736, 'ulti': 716, '40_100': 123, 'betli': 70, 'durchmars': 86, '20_100': 38}
[build] 3050/8000 1032s eta 27.9m (177/min) kept 3050 units={'parti': 2758, 'ulti': 722, '40_100': 124, 'betli': 70, 'durchmars': 88, '20_100': 38}
[build] 3075/8000 1041s eta 27.8m (177/min) kept 3075 units={'parti': 2781, 'ulti': 728, '40_100': 125, 'betli': 70, 'durchmars': 89, '20_100': 38}
[build] 3100/8000 1048s eta 27.6m (177/min) kept 3100 units={'parti': 2804, 'ulti': 731, '40_100': 126, 'betli': 70, 'durchmars': 90, '20_100': 38}
[build] 3125/8000 1056s eta 27.5m (178/min) kept 3125 units={'parti': 2825, 'ulti': 739, '40_100': 127, 'betli': 71, 'durchmars': 91, '20_100': 39}
[build] 3150/8000 1064s eta 27.3m (178/min) kept 3150 units={'parti': 2848, 'ulti': 743, '40_100': 128, 'betli': 71, 'durchmars': 92, '20_100': 39}
[build] 3175/8000 1073s eta 27.2m (178/min) kept 3175 units={'parti': 2868, 'ulti': 747, '40_100': 129, 'betli': 72, 'durchmars': 95, '20_100': 41}
[build] 3200/8000 1082s eta 27.0m (178/min) kept 3200 units={'parti': 2892, 'ulti': 758, '40_100': 130, 'betli': 72, 'durchmars': 96, '20_100': 41}
[build] 3225/8000 1091s eta 26.9m (177/min) kept 3225 units={'parti': 2916, 'ulti': 762, '40_100': 130, 'betli': 72, 'durchmars': 97, '20_100': 41}
[build] 3250/8000 1099s eta 26.8m (178/min) kept 3250 units={'parti': 2940, 'ulti': 767, '40_100': 130, 'betli': 72, 'durchmars': 98, '20_100': 41}
[build] 3275/8000 1108s eta 26.6m (177/min) kept 3275 units={'parti': 2960, 'ulti': 771, '40_100': 132, 'betli': 74, 'durchmars': 99, '20_100': 42}
[build] 3300/8000 1117s eta 26.5m (177/min) kept 3300 units={'parti': 2983, 'ulti': 775, '40_100': 133, 'betli': 74, 'durchmars': 100, '20_100': 42}
[build] 3325/8000 1124s eta 26.3m (177/min) kept 3325 units={'parti': 3006, 'ulti': 780, '40_100': 134, 'betli': 75, 'durchmars': 100, '20_100': 42}
[build] 3350/8000 1134s eta 26.2m (177/min) kept 3350 units={'parti': 3029, 'ulti': 786, '40_100': 135, 'betli': 75, 'durchmars': 101, '20_100': 42}
[build] 3375/8000 1140s eta 26.0m (178/min) kept 3375 units={'parti': 3052, 'ulti': 791, '40_100': 135, 'betli': 76, 'durchmars': 102, '20_100': 43}
[build] 3400/8000 1149s eta 25.9m (178/min) kept 3400 units={'parti': 3075, 'ulti': 795, '40_100': 137, 'betli': 76, 'durchmars': 102, '20_100': 43}
[build] 3425/8000 1156s eta 25.7m (178/min) kept 3425 units={'parti': 3099, 'ulti': 800, '40_100': 138, 'betli': 76, 'durchmars': 102, '20_100': 43}
[build] 3450/8000 1162s eta 25.5m (178/min) kept 3450 units={'parti': 3124, 'ulti': 808, '40_100': 138, 'betli': 76, 'durchmars': 102, '20_100': 43}
[build] 3475/8000 1172s eta 25.4m (178/min) kept 3475 units={'parti': 3148, 'ulti': 810, '40_100': 139, 'betli': 76, 'durchmars': 102, '20_100': 43}
[build] 3500/8000 1179s eta 25.3m (178/min) kept 3500 units={'parti': 3169, 'ulti': 817, '40_100': 139, 'betli': 77, 'durchmars': 104, '20_100': 44}
[build] 3525/8000 1185s eta 25.1m (178/min) kept 3525 units={'parti': 3191, 'ulti': 819, '40_100': 142, 'betli': 77, 'durchmars': 104, '20_100': 44}
[build] 3550/8000 1193s eta 24.9m (179/min) kept 3550 units={'parti': 3215, 'ulti': 823, '40_100': 142, 'betli': 77, 'durchmars': 105, '20_100': 45}
[build] 3575/8000 1201s eta 24.8m (179/min) kept 3575 units={'parti': 3237, 'ulti': 827, '40_100': 143, 'betli': 79, 'durchmars': 105, '20_100': 45}
[build] 3600/8000 1211s eta 24.7m (178/min) kept 3600 units={'parti': 3261, 'ulti': 834, '40_100': 143, 'betli': 79, 'durchmars': 106, '20_100': 46}
[build] 3625/8000 1221s eta 24.6m (178/min) kept 3625 units={'parti': 3284, 'ulti': 843, '40_100': 144, 'betli': 79, 'durchmars': 107, '20_100': 46}
[build] 3650/8000 1232s eta 24.5m (178/min) kept 3650 units={'parti': 3307, 'ulti': 849, '40_100': 145, 'betli': 80, 'durchmars': 107, '20_100': 46}
[build] 3675/8000 1242s eta 24.4m (178/min) kept 3675 units={'parti': 3331, 'ulti': 854, '40_100': 146, 'betli': 80, 'durchmars': 107, '20_100': 46}
[build] 3700/8000 1250s eta 24.2m (178/min) kept 3700 units={'parti': 3354, 'ulti': 858, '40_100': 147, 'betli': 81, 'durchmars': 107, '20_100': 46}
[build] 3725/8000 1259s eta 24.1m (177/min) kept 3725 units={'parti': 3377, 'ulti': 862, '40_100': 149, 'betli': 81, 'durchmars': 109, '20_100': 46}
[build] 3750/8000 1267s eta 23.9m (178/min) kept 3750 units={'parti': 3400, 'ulti': 866, '40_100': 149, 'betli': 82, 'durchmars': 110, '20_100': 46}
[build] 3775/8000 1275s eta 23.8m (178/min) kept 3775 units={'parti': 3424, 'ulti': 873, '40_100': 149, 'betli': 82, 'durchmars': 111, '20_100': 46}
[build] 3800/8000 1282s eta 23.6m (178/min) kept 3800 units={'parti': 3448, 'ulti': 880, '40_100': 149, 'betli': 83, 'durchmars': 111, '20_100': 46}
[build] 3825/8000 1292s eta 23.5m (178/min) kept 3825 units={'parti': 3472, 'ulti': 884, '40_100': 150, 'betli': 83, 'durchmars': 111, '20_100': 46}
[build] 3850/8000 1300s eta 23.4m (178/min) kept 3850 units={'parti': 3493, 'ulti': 890, '40_100': 152, 'betli': 84, 'durchmars': 113, '20_100': 46}
[build] 3875/8000 1310s eta 23.2m (177/min) kept 3875 units={'parti': 3513, 'ulti': 897, '40_100': 155, 'betli': 86, 'durchmars': 113, '20_100': 46}
[build] 3900/8000 1318s eta 23.1m (178/min) kept 3900 units={'parti': 3536, 'ulti': 902, '40_100': 157, 'betli': 86, 'durchmars': 113, '20_100': 46}
[build] 3925/8000 1327s eta 23.0m (177/min) kept 3925 units={'parti': 3560, 'ulti': 906, '40_100': 157, 'betli': 87, 'durchmars': 113, '20_100': 46}
[build] 3950/8000 1334s eta 22.8m (178/min) kept 3950 units={'parti': 3583, 'ulti': 913, '40_100': 158, 'betli': 87, 'durchmars': 113, '20_100': 47}
[build] 3975/8000 1344s eta 22.7m (177/min) kept 3975 units={'parti': 3606, 'ulti': 918, '40_100': 159, 'betli': 87, 'durchmars': 114, '20_100': 47}
[build] 4000/8000 1352s eta 22.5m (178/min) kept 4000 units={'parti': 3629, 'ulti': 926, '40_100': 161, 'betli': 87, 'durchmars': 115, '20_100': 47}
[build] 4025/8000 1359s eta 22.4m (178/min) kept 4025 units={'parti': 3651, 'ulti': 933, '40_100': 162, 'betli': 88, 'durchmars': 116, '20_100': 47}
[build] 4050/8000 1365s eta 22.2m (178/min) kept 4050 units={'parti': 3675, 'ulti': 940, '40_100': 163, 'betli': 88, 'durchmars': 116, '20_100': 47}
[build] 4075/8000 1372s eta 22.0m (178/min) kept 4075 units={'parti': 3696, 'ulti': 945, '40_100': 165, 'betli': 90, 'durchmars': 116, '20_100': 47}
[build] 4100/8000 1381s eta 21.9m (178/min) kept 4100 units={'parti': 3717, 'ulti': 951, '40_100': 167, 'betli': 91, 'durchmars': 116, '20_100': 48}
[build] 4125/8000 1391s eta 21.8m (178/min) kept 4125 units={'parti': 3741, 'ulti': 956, '40_100': 168, 'betli': 91, 'durchmars': 116, '20_100': 48}
[build] 4150/8000 1398s eta 21.6m (178/min) kept 4150 units={'parti': 3764, 'ulti': 962, '40_100': 169, 'betli': 91, 'durchmars': 117, '20_100': 48}
[build] 4175/8000 1406s eta 21.5m (178/min) kept 4175 units={'parti': 3786, 'ulti': 972, '40_100': 171, 'betli': 91, 'durchmars': 117, '20_100': 49}
[build] 4200/8000 1417s eta 21.4m (178/min) kept 4200 units={'parti': 3810, 'ulti': 978, '40_100': 172, 'betli': 91, 'durchmars': 117, '20_100': 49}
[build] 4225/8000 1426s eta 21.2m (178/min) kept 4225 units={'parti': 3832, 'ulti': 986, '40_100': 174, 'betli': 91, 'durchmars': 118, '20_100': 49}
[build] 4250/8000 1439s eta 21.2m (177/min) kept 4250 units={'parti': 3854, 'ulti': 995, '40_100': 175, 'betli': 93, 'durchmars': 118, '20_100': 49}
[build] 4275/8000 1446s eta 21.0m (177/min) kept 4275 units={'parti': 3877, 'ulti': 1002, '40_100': 175, 'betli': 93, 'durchmars': 120, '20_100': 50}
[build] 4300/8000 1456s eta 20.9m (177/min) kept 4300 units={'parti': 3900, 'ulti': 1007, '40_100': 175, 'betli': 94, 'durchmars': 120, '20_100': 51}
[build] 4325/8000 1464s eta 20.7m (177/min) kept 4325 units={'parti': 3922, 'ulti': 1015, '40_100': 176, 'betli': 96, 'durchmars': 120, '20_100': 51}
[build] 4350/8000 1473s eta 20.6m (177/min) kept 4350 units={'parti': 3944, 'ulti': 1022, '40_100': 178, 'betli': 96, 'durchmars': 121, '20_100': 51}
[build] 4375/8000 1482s eta 20.5m (177/min) kept 4375 units={'parti': 3964, 'ulti': 1029, '40_100': 180, 'betli': 98, 'durchmars': 122, '20_100': 52}
[build] 4400/8000 1489s eta 20.3m (177/min) kept 4400 units={'parti': 3986, 'ulti': 1035, '40_100': 180, 'betli': 98, 'durchmars': 125, '20_100': 52}
[build] 4425/8000 1496s eta 20.1m (177/min) kept 4425 units={'parti': 4007, 'ulti': 1040, '40_100': 180, 'betli': 101, 'durchmars': 126, '20_100': 52}
[build] 4450/8000 1503s eta 20.0m (178/min) kept 4450 units={'parti': 4029, 'ulti': 1044, '40_100': 182, 'betli': 102, 'durchmars': 126, '20_100': 52}
[build] 4475/8000 1511s eta 19.8m (178/min) kept 4475 units={'parti': 4052, 'ulti': 1048, '40_100': 182, 'betli': 102, 'durchmars': 127, '20_100': 53}
[build] 4500/8000 1519s eta 19.7m (178/min) kept 4500 units={'parti': 4073, 'ulti': 1052, '40_100': 183, 'betli': 104, 'durchmars': 127, '20_100': 54}
[build] 4525/8000 1528s eta 19.6m (178/min) kept 4525 units={'parti': 4097, 'ulti': 1062, '40_100': 184, 'betli': 104, 'durchmars': 127, '20_100': 54}
[build] 4550/8000 1536s eta 19.4m (178/min) kept 4550 units={'parti': 4120, 'ulti': 1071, '40_100': 185, 'betli': 104, 'durchmars': 127, '20_100': 55}
[build] 4575/8000 1543s eta 19.2m (178/min) kept 4575 units={'parti': 4141, 'ulti': 1076, '40_100': 187, 'betli': 106, 'durchmars': 127, '20_100': 55}
[build] 4600/8000 1550s eta 19.1m (178/min) kept 4600 units={'parti': 4164, 'ulti': 1082, '40_100': 187, 'betli': 107, 'durchmars': 128, '20_100': 55}
[build] 4625/8000 1559s eta 19.0m (178/min) kept 4625 units={'parti': 4188, 'ulti': 1086, '40_100': 187, 'betli': 107, 'durchmars': 129, '20_100': 55}
[build] 4650/8000 1570s eta 18.8m (178/min) kept 4650 units={'parti': 4208, 'ulti': 1093, '40_100': 191, 'betli': 107, 'durchmars': 130, '20_100': 55}
[build] 4675/8000 1577s eta 18.7m (178/min) kept 4675 units={'parti': 4229, 'ulti': 1097, '40_100': 193, 'betli': 107, 'durchmars': 132, '20_100': 55}
[build] 4700/8000 1586s eta 18.6m (178/min) kept 4700 units={'parti': 4250, 'ulti': 1103, '40_100': 195, 'betli': 107, 'durchmars': 132, '20_100': 57}
[build] 4725/8000 1599s eta 18.5m (177/min) kept 4725 units={'parti': 4274, 'ulti': 1107, '40_100': 196, 'betli': 107, 'durchmars': 132, '20_100': 57}
[build] 4750/8000 1606s eta 18.3m (177/min) kept 4750 units={'parti': 4297, 'ulti': 1115, '40_100': 197, 'betli': 107, 'durchmars': 132, '20_100': 58}
[build] 4775/8000 1616s eta 18.2m (177/min) kept 4775 units={'parti': 4320, 'ulti': 1120, '40_100': 198, 'betli': 107, 'durchmars': 133, '20_100': 59}
[build] 4800/8000 1622s eta 18.0m (178/min) kept 4800 units={'parti': 4341, 'ulti': 1125, '40_100': 200, 'betli': 107, 'durchmars': 133, '20_100': 61}
[build] 4825/8000 1629s eta 17.9m (178/min) kept 4825 units={'parti': 4363, 'ulti': 1130, '40_100': 201, 'betli': 107, 'durchmars': 135, '20_100': 61}
[build] 4850/8000 1636s eta 17.7m (178/min) kept 4850 units={'parti': 4386, 'ulti': 1131, '40_100': 202, 'betli': 107, 'durchmars': 136, '20_100': 61}
[build] 4875/8000 1644s eta 17.6m (178/min) kept 4875 units={'parti': 4409, 'ulti': 1134, '40_100': 203, 'betli': 107, 'durchmars': 138, '20_100': 62}
[build] 4900/8000 1650s eta 17.4m (178/min) kept 4900 units={'parti': 4431, 'ulti': 1139, '40_100': 205, 'betli': 108, 'durchmars': 138, '20_100': 62}
[build] 4925/8000 1659s eta 17.3m (178/min) kept 4925 units={'parti': 4455, 'ulti': 1144, '40_100': 206, 'betli': 108, 'durchmars': 138, '20_100': 62}
[build] 4950/8000 1666s eta 17.1m (178/min) kept 4950 units={'parti': 4480, 'ulti': 1148, '40_100': 206, 'betli': 108, 'durchmars': 138, '20_100': 62}
[build] 4975/8000 1676s eta 17.0m (178/min) kept 4975 units={'parti': 4501, 'ulti': 1151, '40_100': 208, 'betli': 110, 'durchmars': 138, '20_100': 62}
[build] 5000/8000 1682s eta 16.8m (178/min) kept 5000 units={'parti': 4523, 'ulti': 1158, '40_100': 209, 'betli': 110, 'durchmars': 140, '20_100': 63}
[build] 5025/8000 1690s eta 16.7m (178/min) kept 5025 units={'parti': 4546, 'ulti': 1161, '40_100': 210, 'betli': 111, 'durchmars': 140, '20_100': 63}
[build] 5050/8000 1699s eta 16.5m (178/min) kept 5050 units={'parti': 4568, 'ulti': 1170, '40_100': 212, 'betli': 111, 'durchmars': 141, '20_100': 63}
[build] 5075/8000 1707s eta 16.4m (178/min) kept 5075 units={'parti': 4590, 'ulti': 1173, '40_100': 214, 'betli': 111, 'durchmars': 141, '20_100': 64}
[build] 5100/8000 1714s eta 16.2m (179/min) kept 5100 units={'parti': 4610, 'ulti': 1177, '40_100': 218, 'betli': 111, 'durchmars': 142, '20_100': 65}
[build] 5125/8000 1724s eta 16.1m (178/min) kept 5125 units={'parti': 4633, 'ulti': 1189, '40_100': 219, 'betli': 112, 'durchmars': 142, '20_100': 65}
[build] 5150/8000 1732s eta 16.0m (178/min) kept 5150 units={'parti': 4657, 'ulti': 1197, '40_100': 219, 'betli': 113, 'durchmars': 142, '20_100': 65}
[build] 5175/8000 1742s eta 15.9m (178/min) kept 5175 units={'parti': 4678, 'ulti': 1203, '40_100': 221, 'betli': 114, 'durchmars': 143, '20_100': 65}
[build] 5200/8000 1750s eta 15.7m (178/min) kept 5200 units={'parti': 4702, 'ulti': 1209, '40_100': 222, 'betli': 114, 'durchmars': 143, '20_100': 65}
[build] 5225/8000 1756s eta 15.5m (179/min) kept 5225 units={'parti': 4726, 'ulti': 1214, '40_100': 223, 'betli': 114, 'durchmars': 144, '20_100': 66}
[build] 5250/8000 1764s eta 15.4m (179/min) kept 5250 units={'parti': 4746, 'ulti': 1219, '40_100': 224, 'betli': 115, 'durchmars': 146, '20_100': 68}
[build] 5275/8000 1773s eta 15.3m (179/min) kept 5275 units={'parti': 4768, 'ulti': 1226, '40_100': 225, 'betli': 116, 'durchmars': 147, '20_100': 68}
[build] 5300/8000 1782s eta 15.1m (178/min) kept 5300 units={'parti': 4791, 'ulti': 1235, '40_100': 225, 'betli': 116, 'durchmars': 147, '20_100': 70}
[build] 5325/8000 1791s eta 15.0m (178/min) kept 5325 units={'parti': 4815, 'ulti': 1240, '40_100': 225, 'betli': 116, 'durchmars': 147, '20_100': 71}
[build] 5350/8000 1799s eta 14.9m (178/min) kept 5350 units={'parti': 4839, 'ulti': 1242, '40_100': 225, 'betli': 116, 'durchmars': 148, '20_100': 71}
[build] 5375/8000 1812s eta 14.7m (178/min) kept 5375 units={'parti': 4861, 'ulti': 1249, '40_100': 226, 'betli': 117, 'durchmars': 148, '20_100': 72}
[build] 5400/8000 1819s eta 14.6m (178/min) kept 5400 units={'parti': 4884, 'ulti': 1259, '40_100': 228, 'betli': 117, 'durchmars': 149, '20_100': 72}
[build] 5425/8000 1828s eta 14.5m (178/min) kept 5425 units={'parti': 4906, 'ulti': 1262, '40_100': 229, 'betli': 119, 'durchmars': 149, '20_100': 72}
[build] 5450/8000 1839s eta 14.3m (178/min) kept 5450 units={'parti': 4929, 'ulti': 1271, '40_100': 230, 'betli': 120, 'durchmars': 149, '20_100': 72}
[build] 5475/8000 1848s eta 14.2m (178/min) kept 5475 units={'parti': 4952, 'ulti': 1278, '40_100': 231, 'betli': 120, 'durchmars': 149, '20_100': 73}
[build] 5500/8000 1858s eta 14.1m (178/min) kept 5500 units={'parti': 4975, 'ulti': 1283, '40_100': 233, 'betli': 120, 'durchmars': 150, '20_100': 73}
[build] 5525/8000 1866s eta 13.9m (178/min) kept 5525 units={'parti': 4995, 'ulti': 1289, '40_100': 236, 'betli': 121, 'durchmars': 151, '20_100': 74}
[build] 5550/8000 1874s eta 13.8m (178/min) kept 5550 units={'parti': 5017, 'ulti': 1297, '40_100': 238, 'betli': 122, 'durchmars': 151, '20_100': 74}
[build] 5575/8000 1884s eta 13.7m (178/min) kept 5575 units={'parti': 5042, 'ulti': 1302, '40_100': 238, 'betli': 122, 'durchmars': 151, '20_100': 74}
[build] 5600/8000 1893s eta 13.5m (178/min) kept 5600 units={'parti': 5063, 'ulti': 1307, '40_100': 239, 'betli': 124, 'durchmars': 151, '20_100': 75}
[build] 5625/8000 1899s eta 13.4m (178/min) kept 5625 units={'parti': 5085, 'ulti': 1309, '40_100': 241, 'betli': 125, 'durchmars': 151, '20_100': 75}
[build] 5650/8000 1909s eta 13.2m (178/min) kept 5650 units={'parti': 5110, 'ulti': 1314, '40_100': 242, 'betli': 125, 'durchmars': 151, '20_100': 75}
[build] 5675/8000 1918s eta 13.1m (178/min) kept 5675 units={'parti': 5134, 'ulti': 1321, '40_100': 242, 'betli': 126, 'durchmars': 151, '20_100': 75}
[build] 5700/8000 1925s eta 12.9m (178/min) kept 5700 units={'parti': 5157, 'ulti': 1328, '40_100': 242, 'betli': 127, 'durchmars': 151, '20_100': 76}
[build] 5725/8000 1934s eta 12.8m (178/min) kept 5725 units={'parti': 5180, 'ulti': 1330, '40_100': 242, 'betli': 128, 'durchmars': 153, '20_100': 76}
[build] 5750/8000 1942s eta 12.7m (178/min) kept 5750 units={'parti': 5201, 'ulti': 1333, '40_100': 244, 'betli': 128, 'durchmars': 154, '20_100': 77}
[build] 5775/8000 1948s eta 12.5m (178/min) kept 5775 units={'parti': 5224, 'ulti': 1340, '40_100': 245, 'betli': 128, 'durchmars': 155, '20_100': 78}
[build] 5800/8000 1955s eta 12.4m (178/min) kept 5800 units={'parti': 5245, 'ulti': 1342, '40_100': 248, 'betli': 129, 'durchmars': 155, '20_100': 78}
[build] 5825/8000 1965s eta 12.2m (178/min) kept 5825 units={'parti': 5269, 'ulti': 1348, '40_100': 248, 'betli': 130, 'durchmars': 155, '20_100': 78}
[build] 5850/8000 1972s eta 12.1m (178/min) kept 5850 units={'parti': 5291, 'ulti': 1350, '40_100': 250, 'betli': 131, 'durchmars': 155, '20_100': 78}
[build] 5875/8000 1978s eta 11.9m (178/min) kept 5875 units={'parti': 5314, 'ulti': 1357, '40_100': 251, 'betli': 131, 'durchmars': 156, '20_100': 79}
[build] 5900/8000 1986s eta 11.8m (178/min) kept 5900 units={'parti': 5336, 'ulti': 1361, '40_100': 251, 'betli': 133, 'durchmars': 156, '20_100': 80}
[build] 5925/8000 1997s eta 11.7m (178/min) kept 5925 units={'parti': 5358, 'ulti': 1365, '40_100': 254, 'betli': 133, 'durchmars': 156, '20_100': 80}
[build] 5950/8000 2003s eta 11.5m (178/min) kept 5950 units={'parti': 5381, 'ulti': 1373, '40_100': 255, 'betli': 133, 'durchmars': 157, '20_100': 80}
[build] 5975/8000 2013s eta 11.4m (178/min) kept 5975 units={'parti': 5403, 'ulti': 1380, '40_100': 256, 'betli': 134, 'durchmars': 157, '20_100': 81}
[build] 6000/8000 2019s eta 11.2m (178/min) kept 6000 units={'parti': 5424, 'ulti': 1390, '40_100': 257, 'betli': 135, 'durchmars': 159, '20_100': 81}
[build] 6025/8000 2025s eta 11.1m (179/min) kept 6025 units={'parti': 5445, 'ulti': 1394, '40_100': 258, 'betli': 137, 'durchmars': 160, '20_100': 81}
[build] 6050/8000 2032s eta 10.9m (179/min) kept 6050 units={'parti': 5467, 'ulti': 1400, '40_100': 258, 'betli': 140, 'durchmars': 160, '20_100': 81}
[build] 6075/8000 2044s eta 10.8m (178/min) kept 6075 units={'parti': 5491, 'ulti': 1410, '40_100': 258, 'betli': 140, 'durchmars': 161, '20_100': 82}
[build] 6100/8000 2054s eta 10.7m (178/min) kept 6100 units={'parti': 5515, 'ulti': 1417, '40_100': 259, 'betli': 140, 'durchmars': 161, '20_100': 82}
[build] 6125/8000 2066s eta 10.5m (178/min) kept 6125 units={'parti': 5539, 'ulti': 1426, '40_100': 260, 'betli': 140, 'durchmars': 161, '20_100': 82}
[build] 6150/8000 2073s eta 10.4m (178/min) kept 6150 units={'parti': 5564, 'ulti': 1434, '40_100': 260, 'betli': 140, 'durchmars': 161, '20_100': 82}
[build] 6175/8000 2079s eta 10.2m (178/min) kept 6175 units={'parti': 5586, 'ulti': 1438, '40_100': 262, 'betli': 141, 'durchmars': 162, '20_100': 82}
[build] 6200/8000 2088s eta 10.1m (178/min) kept 6200 units={'parti': 5609, 'ulti': 1444, '40_100': 262, 'betli': 141, 'durchmars': 163, '20_100': 83}
[build] 6225/8000 2097s eta 10.0m (178/min) kept 6225 units={'parti': 5630, 'ulti': 1450, '40_100': 264, 'betli': 142, 'durchmars': 163, '20_100': 84}
[build] 6250/8000 2106s eta 9.8m (178/min) kept 6250 units={'parti': 5654, 'ulti': 1457, '40_100': 265, 'betli': 142, 'durchmars': 163, '20_100': 84}
[build] 6275/8000 2117s eta 9.7m (178/min) kept 6275 units={'parti': 5678, 'ulti': 1463, '40_100': 266, 'betli': 142, 'durchmars': 163, '20_100': 84}
[build] 6300/8000 2128s eta 9.6m (178/min) kept 6300 units={'parti': 5699, 'ulti': 1472, '40_100': 269, 'betli': 143, 'durchmars': 163, '20_100': 84}
[build] 6325/8000 2136s eta 9.4m (178/min) kept 6325 units={'parti': 5719, 'ulti': 1475, '40_100': 271, 'betli': 145, 'durchmars': 164, '20_100': 85}
[build] 6350/8000 2144s eta 9.3m (178/min) kept 6350 units={'parti': 5743, 'ulti': 1484, '40_100': 272, 'betli': 145, 'durchmars': 164, '20_100': 85}
[build] 6375/8000 2151s eta 9.1m (178/min) kept 6375 units={'parti': 5768, 'ulti': 1487, '40_100': 272, 'betli': 145, 'durchmars': 164, '20_100': 85}
[build] 6400/8000 2158s eta 9.0m (178/min) kept 6400 units={'parti': 5792, 'ulti': 1492, '40_100': 272, 'betli': 145, 'durchmars': 165, '20_100': 85}
[build] 6425/8000 2167s eta 8.9m (178/min) kept 6425 units={'parti': 5815, 'ulti': 1496, '40_100': 276, 'betli': 145, 'durchmars': 165, '20_100': 85}
[build] 6450/8000 2178s eta 8.7m (178/min) kept 6450 units={'parti': 5839, 'ulti': 1504, '40_100': 276, 'betli': 145, 'durchmars': 166, '20_100': 85}
[build] 6475/8000 2189s eta 8.6m (177/min) kept 6475 units={'parti': 5859, 'ulti': 1508, '40_100': 278, 'betli': 146, 'durchmars': 168, '20_100': 86}
[build] 6500/8000 2198s eta 8.5m (177/min) kept 6500 units={'parti': 5882, 'ulti': 1515, '40_100': 280, 'betli': 146, 'durchmars': 168, '20_100': 86}
[build] 6525/8000 2209s eta 8.3m (177/min) kept 6525 units={'parti': 5906, 'ulti': 1524, '40_100': 280, 'betli': 146, 'durchmars': 169, '20_100': 86}
[build] 6550/8000 2217s eta 8.2m (177/min) kept 6550 units={'parti': 5926, 'ulti': 1530, '40_100': 283, 'betli': 147, 'durchmars': 169, '20_100': 87}
[build] 6575/8000 2229s eta 8.1m (177/min) kept 6575 units={'parti': 5950, 'ulti': 1537, '40_100': 283, 'betli': 147, 'durchmars': 170, '20_100': 87}
[build] 6600/8000 2238s eta 7.9m (177/min) kept 6600 units={'parti': 5970, 'ulti': 1544, '40_100': 286, 'betli': 148, 'durchmars': 170, '20_100': 88}
[build] 6625/8000 2244s eta 7.8m (177/min) kept 6625 units={'parti': 5993, 'ulti': 1549, '40_100': 286, 'betli': 149, 'durchmars': 171, '20_100': 88}
[build] 6650/8000 2254s eta 7.6m (177/min) kept 6650 units={'parti': 6014, 'ulti': 1558, '40_100': 289, 'betli': 150, 'durchmars': 171, '20_100': 88}
[build] 6675/8000 2263s eta 7.5m (177/min) kept 6675 units={'parti': 6034, 'ulti': 1569, '40_100': 291, 'betli': 152, 'durchmars': 171, '20_100': 89}
[build] 6700/8000 2273s eta 7.3m (177/min) kept 6700 units={'parti': 6059, 'ulti': 1574, '40_100': 291, 'betli': 152, 'durchmars': 171, '20_100': 89}
[build] 6725/8000 2281s eta 7.2m (177/min) kept 6725 units={'parti': 6081, 'ulti': 1577, '40_100': 294, 'betli': 152, 'durchmars': 171, '20_100': 89}
[build] 6750/8000 2288s eta 7.1m (177/min) kept 6750 units={'parti': 6104, 'ulti': 1586, '40_100': 295, 'betli': 152, 'durchmars': 172, '20_100': 89}
[build] 6775/8000 2296s eta 6.9m (177/min) kept 6775 units={'parti': 6127, 'ulti': 1590, '40_100': 296, 'betli': 152, 'durchmars': 173, '20_100': 89}
[build] 6800/8000 2304s eta 6.8m (177/min) kept 6800 units={'parti': 6149, 'ulti': 1594, '40_100': 296, 'betli': 155, 'durchmars': 173, '20_100': 89}
[build] 6825/8000 2311s eta 6.6m (177/min) kept 6825 units={'parti': 6171, 'ulti': 1599, '40_100': 296, 'betli': 156, 'durchmars': 175, '20_100': 89}
[build] 6850/8000 2318s eta 6.5m (177/min) kept 6850 units={'parti': 6193, 'ulti': 1603, '40_100': 297, 'betli': 156, 'durchmars': 177, '20_100': 89}
[build] 6875/8000 2325s eta 6.3m (177/min) kept 6875 units={'parti': 6217, 'ulti': 1609, '40_100': 297, 'betli': 157, 'durchmars': 177, '20_100': 89}
[build] 6900/8000 2334s eta 6.2m (177/min) kept 6900 units={'parti': 6240, 'ulti': 1614, '40_100': 298, 'betli': 157, 'durchmars': 178, '20_100': 90}
[build] 6925/8000 2341s eta 6.1m (177/min) kept 6925 units={'parti': 6263, 'ulti': 1620, '40_100': 300, 'betli': 157, 'durchmars': 178, '20_100': 90}
[build] 6950/8000 2349s eta 5.9m (177/min) kept 6950 units={'parti': 6287, 'ulti': 1625, '40_100': 300, 'betli': 158, 'durchmars': 178, '20_100': 90}
[build] 6975/8000 2360s eta 5.8m (177/min) kept 6975 units={'parti': 6312, 'ulti': 1634, '40_100': 300, 'betli': 158, 'durchmars': 178, '20_100': 90}
[build] 7000/8000 2368s eta 5.6m (177/min) kept 7000 units={'parti': 6336, 'ulti': 1641, '40_100': 301, 'betli': 158, 'durchmars': 178, '20_100': 90}
[build] 7025/8000 2377s eta 5.5m (177/min) kept 7025 units={'parti': 6359, 'ulti': 1648, '40_100': 303, 'betli': 158, 'durchmars': 178, '20_100': 90}
[build] 7050/8000 2384s eta 5.4m (177/min) kept 7050 units={'parti': 6380, 'ulti': 1656, '40_100': 303, 'betli': 161, 'durchmars': 179, '20_100': 90}
[build] 7075/8000 2393s eta 5.2m (177/min) kept 7075 units={'parti': 6402, 'ulti': 1662, '40_100': 304, 'betli': 162, 'durchmars': 181, '20_100': 90}
[build] 7100/8000 2401s eta 5.1m (177/min) kept 7100 units={'parti': 6426, 'ulti': 1666, '40_100': 304, 'betli': 163, 'durchmars': 181, '20_100': 90}
[build] 7125/8000 2410s eta 4.9m (177/min) kept 7125 units={'parti': 6450, 'ulti': 1668, '40_100': 304, 'betli': 163, 'durchmars': 182, '20_100': 90}
[build] 7150/8000 2417s eta 4.8m (178/min) kept 7150 units={'parti': 6469, 'ulti': 1673, '40_100': 306, 'betli': 163, 'durchmars': 185, '20_100': 93}
[build] 7175/8000 2425s eta 4.6m (178/min) kept 7175 units={'parti': 6492, 'ulti': 1675, '40_100': 307, 'betli': 164, 'durchmars': 185, '20_100': 93}
[build] 7200/8000 2431s eta 4.5m (178/min) kept 7200 units={'parti': 6516, 'ulti': 1680, '40_100': 307, 'betli': 165, 'durchmars': 185, '20_100': 93}
[build] 7225/8000 2441s eta 4.4m (178/min) kept 7225 units={'parti': 6539, 'ulti': 1685, '40_100': 308, 'betli': 166, 'durchmars': 185, '20_100': 93}
[build] 7250/8000 2449s eta 4.2m (178/min) kept 7250 units={'parti': 6562, 'ulti': 1688, '40_100': 309, 'betli': 166, 'durchmars': 185, '20_100': 94}
[build] 7275/8000 2458s eta 4.1m (178/min) kept 7275 units={'parti': 6587, 'ulti': 1696, '40_100': 309, 'betli': 166, 'durchmars': 185, '20_100': 94}
[build] 7300/8000 2465s eta 3.9m (178/min) kept 7300 units={'parti': 6607, 'ulti': 1703, '40_100': 311, 'betli': 167, 'durchmars': 187, '20_100': 94}
[build] 7325/8000 2474s eta 3.8m (178/min) kept 7325 units={'parti': 6632, 'ulti': 1707, '40_100': 311, 'betli': 167, 'durchmars': 187, '20_100': 94}
[build] 7350/8000 2483s eta 3.7m (178/min) kept 7350 units={'parti': 6655, 'ulti': 1712, '40_100': 312, 'betli': 168, 'durchmars': 187, '20_100': 94}
[build] 7375/8000 2488s eta 3.5m (178/min) kept 7375 units={'parti': 6676, 'ulti': 1715, '40_100': 313, 'betli': 169, 'durchmars': 189, '20_100': 94}
[build] 7400/8000 2495s eta 3.4m (178/min) kept 7400 units={'parti': 6697, 'ulti': 1719, '40_100': 315, 'betli': 169, 'durchmars': 192, '20_100': 94}
[build] 7425/8000 2502s eta 3.2m (178/min) kept 7425 units={'parti': 6719, 'ulti': 1725, '40_100': 316, 'betli': 170, 'durchmars': 193, '20_100': 94}
[build] 7450/8000 2511s eta 3.1m (178/min) kept 7450 units={'parti': 6739, 'ulti': 1729, '40_100': 318, 'betli': 172, 'durchmars': 194, '20_100': 95}
[build] 7475/8000 2519s eta 2.9m (178/min) kept 7475 units={'parti': 6758, 'ulti': 1738, '40_100': 322, 'betli': 173, 'durchmars': 196, '20_100': 95}
[build] 7500/8000 2528s eta 2.8m (178/min) kept 7500 units={'parti': 6782, 'ulti': 1747, '40_100': 323, 'betli': 173, 'durchmars': 196, '20_100': 95}
[build] 7525/8000 2536s eta 2.7m (178/min) kept 7525 units={'parti': 6804, 'ulti': 1751, '40_100': 324, 'betli': 174, 'durchmars': 197, '20_100': 95}
[build] 7550/8000 2542s eta 2.5m (178/min) kept 7550 units={'parti': 6829, 'ulti': 1754, '40_100': 324, 'betli': 174, 'durchmars': 197, '20_100': 95}
[build] 7575/8000 2551s eta 2.4m (178/min) kept 7575 units={'parti': 6853, 'ulti': 1758, '40_100': 325, 'betli': 174, 'durchmars': 197, '20_100': 95}
[build] 7600/8000 2558s eta 2.2m (178/min) kept 7600 units={'parti': 6875, 'ulti': 1766, '40_100': 326, 'betli': 175, 'durchmars': 198, '20_100': 96}
[build] 7625/8000 2566s eta 2.1m (178/min) kept 7625 units={'parti': 6898, 'ulti': 1771, '40_100': 328, 'betli': 175, 'durchmars': 198, '20_100': 96}
[build] 7650/8000 2580s eta 2.0m (178/min) kept 7650 units={'parti': 6921, 'ulti': 1778, '40_100': 329, 'betli': 176, 'durchmars': 198, '20_100': 96}
[build] 7675/8000 2588s eta 1.8m (178/min) kept 7675 units={'parti': 6944, 'ulti': 1785, '40_100': 330, 'betli': 176, 'durchmars': 199, '20_100': 96}
[build] 7700/8000 2597s eta 1.7m (178/min) kept 7700 units={'parti': 6965, 'ulti': 1788, '40_100': 330, 'betli': 179, 'durchmars': 200, '20_100': 97}
[build] 7725/8000 2605s eta 1.5m (178/min) kept 7725 units={'parti': 6989, 'ulti': 1790, '40_100': 331, 'betli': 179, 'durchmars': 200, '20_100': 97}
[build] 7750/8000 2614s eta 1.4m (178/min) kept 7750 units={'parti': 7012, 'ulti': 1793, '40_100': 331, 'betli': 179, 'durchmars': 202, '20_100': 97}
[build] 7775/8000 2620s eta 1.3m (178/min) kept 7775 units={'parti': 7033, 'ulti': 1798, '40_100': 333, 'betli': 180, 'durchmars': 203, '20_100': 97}
[build] 7800/8000 2627s eta 1.1m (178/min) kept 7800 units={'parti': 7055, 'ulti': 1806, '40_100': 335, 'betli': 181, 'durchmars': 204, '20_100': 97}
[build] 7825/8000 2638s eta 1.0m (178/min) kept 7825 units={'parti': 7078, 'ulti': 1812, '40_100': 335, 'betli': 182, 'durchmars': 205, '20_100': 97}
[build] 7850/8000 2646s eta 0.8m (178/min) kept 7850 units={'parti': 7103, 'ulti': 1822, '40_100': 335, 'betli': 182, 'durchmars': 205, '20_100': 97}
[build] 7875/8000 2655s eta 0.7m (178/min) kept 7875 units={'parti': 7124, 'ulti': 1826, '40_100': 337, 'betli': 182, 'durchmars': 207, '20_100': 97}
[build] 7900/8000 2662s eta 0.6m (178/min) kept 7900 units={'parti': 7149, 'ulti': 1832, '40_100': 337, 'betli': 182, 'durchmars': 207, '20_100': 97}
[build] 7925/8000 2670s eta 0.4m (178/min) kept 7925 units={'parti': 7174, 'ulti': 1839, '40_100': 337, 'betli': 182, 'durchmars': 207, '20_100': 97}
[build] 7950/8000 2676s eta 0.3m (178/min) kept 7950 units={'parti': 7198, 'ulti': 1843, '40_100': 337, 'betli': 182, 'durchmars': 207, '20_100': 98}
[build] 7975/8000 2684s eta 0.1m (178/min) kept 7975 units={'parti': 7219, 'ulti': 1846, '40_100': 339, 'betli': 183, 'durchmars': 208, '20_100': 99}
[build] 8000/8000 2694s eta 0.0m (178/min) kept 8000 units={'parti': 7238, 'ulti': 1851, '40_100': 342, 'betli': 183, 'durchmars': 211, '20_100': 99}
build done: kept 8000  per-unit {'parti': 7238, 'ulti': 1851, '40_100': 342, 'betli': 183, 'durchmars': 211, '20_100': 99}
