=== aux baseline training START 2026 jún. 18 Cs 20:09:19 CEST ===
=== train parti ===  data=parti_god_alpha0_1M.npz  N=1000000  base_rate=0.2289
  pos_weight=3.37  train=900000  val=100000
  ep  1  loss=0.5784  val_brier=0.1071  val_auc=0.9456
  ep  5  loss=0.4387  val_brier=0.0892  val_auc=0.9543
  ep 10  loss=0.4274  val_brier=0.0897  val_auc=0.9552
  ep 15  loss=0.4228  val_brier=0.0906  val_auc=0.9553
  ep 20  loss=0.4203  val_brier=0.0857  val_auc=0.9556

  BEST ep4  val_auc=0.9534  val_brier=0.0845  ECE=0.0800
  calibration (conf → acc):
    [0.0,0.1)  n= 49270  conf=0.019  acc=0.005
    [0.1,0.2)  n=  7425  conf=0.146  acc=0.057
    [0.2,0.3)  n=  5531  conf=0.248  acc=0.099
    [0.3,0.4)  n=  4425  conf=0.349  acc=0.159
    [0.4,0.5)  n=  3922  conf=0.450  acc=0.212
    [0.5,0.6)  n=  3819  conf=0.550  acc=0.312
    [0.6,0.7)  n=  3881  conf=0.650  acc=0.412
    [0.7,0.8)  n=  3967  conf=0.752  acc=0.529
    [0.8,0.9)  n=  5295  conf=0.853  acc=0.685
    [0.9,1.0)  n= 12465  conf=0.965  acc=0.927
  saved parti_baseline.pt
=== train ulti ===  data=ulti_god_alpha0_1M.npz  N=1000000  base_rate=0.2568
  pos_weight=2.89  train=900000  val=100000
  ep  1  loss=0.4903  val_brier=0.0823  val_auc=0.9609
  ep  5  loss=0.3460  val_brier=0.0756  val_auc=0.9674
  ep 10  loss=0.3388  val_brier=0.0742  val_auc=0.9674
  ep 15  loss=0.3354  val_brier=0.0737  val_auc=0.9678
  ep 20  loss=0.3336  val_brier=0.0769  val_auc=0.9678

  BEST ep8  val_auc=0.9674  val_brier=0.0734  ECE=0.0625
  calibration (conf → acc):
    [0.0,0.1)  n= 53977  conf=0.012  acc=0.005
    [0.1,0.2)  n=  4989  conf=0.146  acc=0.062
    [0.2,0.3)  n=  3484  conf=0.247  acc=0.109
    [0.3,0.4)  n=  2757  conf=0.348  acc=0.150
    [0.4,0.5)  n=  2620  conf=0.450  acc=0.222
    [0.5,0.6)  n=  2705  conf=0.551  acc=0.302
    [0.6,0.7)  n=  3086  conf=0.651  acc=0.418
    [0.7,0.8)  n=  3861  conf=0.752  acc=0.533
    [0.8,0.9)  n=  5643  conf=0.854  acc=0.697
    [0.9,1.0)  n= 16878  conf=0.967  acc=0.924
  saved ulti_baseline.pt
=== train betli ===  data=betli_god_alpha0_1M.npz  N=1000000  base_rate=0.0028
  pos_weight=20.00  train=900000  val=100000
  ep  1  loss=0.1317  val_brier=0.0122  val_auc=0.9644
  ep  5  loss=0.0723  val_brier=0.0111  val_auc=0.9749
  ep 10  loss=0.0651  val_brier=0.0078  val_auc=0.9733
  ep 15  loss=0.0576  val_brier=0.0090  val_auc=0.9709
  ep 20  loss=0.0524  val_brier=0.0079  val_auc=0.9701

  BEST ep9  val_auc=0.9716  val_brier=0.0068  ECE=0.0140
  calibration (conf → acc):
    [0.0,0.1)  n= 96036  conf=0.003  acc=0.000
    [0.1,0.2)  n=  1381  conf=0.143  acc=0.012
    [0.2,0.3)  n=   742  conf=0.244  acc=0.026
    [0.3,0.4)  n=   499  conf=0.347  acc=0.042
    [0.4,0.5)  n=   362  conf=0.448  acc=0.072
    [0.5,0.6)  n=   308  conf=0.547  acc=0.104
    [0.6,0.7)  n=   257  conf=0.646  acc=0.082
    [0.7,0.8)  n=   203  conf=0.746  acc=0.133
    [0.8,0.9)  n=   164  conf=0.845  acc=0.280
    [0.9,1.0)  n=    48  conf=0.926  acc=0.604
  saved betli_baseline.pt
=== train colorless_duri ===  data=durchmars_god_alpha0_1M.npz  N=1000000  base_rate=0.0004
  pos_weight=20.00  train=900000  val=100000
  ep  1  loss=0.0506  val_brier=0.0007  val_auc=0.9518
  ep  5  loss=0.0107  val_brier=0.0008  val_auc=0.9966
  ep 10  loss=0.0077  val_brier=0.0010  val_auc=0.9978
  ep 15  loss=0.0053  val_brier=0.0008  val_auc=0.9970
  ep 20  loss=0.0043  val_brier=0.0004  val_auc=0.9965

  BEST ep20  val_auc=0.9965  val_brier=0.0004  ECE=0.0005
  calibration (conf → acc):
    [0.0,0.1)  n= 99817  conf=0.000  acc=0.000
    [0.1,0.2)  n=    66  conf=0.136  acc=0.030
    [0.2,0.3)  n=    30  conf=0.245  acc=0.033
    [0.3,0.4)  n=    18  conf=0.346  acc=0.167
    [0.4,0.5)  n=    13  conf=0.449  acc=0.077
    [0.5,0.6)  n=    14  conf=0.562  acc=0.000
    [0.6,0.7)  n=     9  conf=0.655  acc=0.000
    [0.7,0.8)  n=    10  conf=0.765  acc=0.500
    [0.8,0.9)  n=    10  conf=0.849  acc=0.500
    [0.9,1.0)  n=    13  conf=0.936  acc=0.615
  saved colorless_duri_baseline.pt
=== aux baseline training DONE 2026 jún. 18 Cs 20:10:41 CEST ===
