=== bidder sweep START 2026 júl.  5 V 21:26:38 CEST ===
>>> DEBIAS_PCTL=0.80 FLOOR=0
METRIC mean soloist GP/game -2.307   (floor-dominated; vs god defenders)
NON-FLOOR GP/game +9.697  (n=277) — escalations above piros parti; the discriminating signal
GP/seat  P0 -3.188  P1 +1.714  P2 +1.473  | pass 0.000  avg bids 1.09
  3 betli                                    4  0.2%  0.25    -5.00
  7 20-100                                   2  0.1%  0.00   -19.00
 10 rebetli                                 10  0.5%  0.20   -12.00
 16 piros 20-100                             1  0.1%  1.00   +44.00
 20 teritett 20-100-duri                     3  0.1%  0.00   -40.00
 21 teritett betli                           1  0.1%  1.00   +40.00
 30 piros teritett 20-100-duri               3  0.1%  0.00   -37.33
 31 teritett rebetli                         0   0.0%     —        —

>>> DEBIAS_PCTL=0.80 FLOOR=0.5
METRIC mean soloist GP/game -2.826   (floor-dominated; vs god defenders)
NON-FLOOR GP/game +1.439  (n=628) — escalations above piros parti; the discriminating signal
GP/seat  P0 -1.901  P1 +0.746  P2 +1.155  | pass 0.000  avg bids 1.21
  3 betli                                    0   0.0%     —        —
  7 20-100                                   0   0.0%     —        —
 10 rebetli                                  0   0.0%     —        —
 16 piros 20-100                             4  0.2%  0.75   +19.00
 20 teritett 20-100-duri                     0   0.0%     —        —
 21 teritett betli                           0   0.0%     —        —
 30 piros teritett 20-100-duri              11  0.5%  0.18   -33.45
 31 teritett rebetli                       133  6.7%  0.44   -10.23

>>> DEBIAS_PCTL=0.80 FLOOR=0.7
METRIC mean soloist GP/game -1.409   (floor-dominated; vs god defenders)
NON-FLOOR GP/game +6.150  (n=585) — escalations above piros parti; the discriminating signal
GP/seat  P0 -2.264  P1 +1.202  P2 +1.062  | pass 0.000  avg bids 1.17
  3 betli                                    0   0.0%     —        —
  7 20-100                                   0   0.0%     —        —
 10 rebetli                                  0   0.0%     —        —
 16 piros 20-100                             4  0.2%  0.75   +19.00
 20 teritett 20-100-duri                     0   0.0%     —        —
 21 teritett betli                           0   0.0%     —        —
 30 piros teritett 20-100-duri               7  0.4%  0.29    +2.29
 31 teritett rebetli                        38  1.9%  0.63   +21.05

>>> DEBIAS_PCTL=0.90 FLOOR=0
METRIC mean soloist GP/game -2.404   (floor-dominated; vs god defenders)
NON-FLOOR GP/game +5.670  (n=400) — escalations above piros parti; the discriminating signal
GP/seat  P0 -2.752  P1 +1.351  P2 +1.401  | pass 0.000  avg bids 1.18
  3 betli                                    8  0.4%  0.25    -5.00
  7 20-100                                   4  0.2%  0.00   -19.00
 10 rebetli                                 30  1.5%  0.17   -13.33
 16 piros 20-100                             2  0.1%  1.00   +32.00
 20 teritett 20-100-duri                     4  0.2%  0.00   -40.00
 21 teritett betli                           8  0.4%  0.12   -30.00
 30 piros teritett 20-100-duri               9  0.4%  0.11   -40.89
 31 teritett rebetli                        15  0.8%  0.73   +37.33

>>> DEBIAS_PCTL=0.90 FLOOR=0.5
METRIC mean soloist GP/game -2.699   (floor-dominated; vs god defenders)
NON-FLOOR GP/game +1.347  (n=652) — escalations above piros parti; the discriminating signal
GP/seat  P0 -1.883  P1 +0.917  P2 +0.966  | pass 0.000  avg bids 1.22
  3 betli                                    0   0.0%     —        —
  7 20-100                                   0   0.0%     —        —
 10 rebetli                                  0   0.0%     —        —
 16 piros 20-100                             4  0.2%  0.75   +19.00
 20 teritett 20-100-duri                     0   0.0%     —        —
 21 teritett betli                           0   0.0%     —        —
 30 piros teritett 20-100-duri              11  0.5%  0.18   -33.45
 31 teritett rebetli                       132  6.6%  0.44    -9.70

>>> DEBIAS_PCTL=0.90 FLOOR=0.7
METRIC mean soloist GP/game -1.383   (floor-dominated; vs god defenders)
NON-FLOOR GP/game +6.154  (n=584) — escalations above piros parti; the discriminating signal
GP/seat  P0 -2.250  P1 +1.220  P2 +1.030  | pass 0.000  avg bids 1.17
  3 betli                                    0   0.0%     —        —
  7 20-100                                   0   0.0%     —        —
 10 rebetli                                  0   0.0%     —        —
 16 piros 20-100                             4  0.2%  0.75   +19.00
 20 teritett 20-100-duri                     0   0.0%     —        —
 21 teritett betli                           0   0.0%     —        —
 30 piros teritett 20-100-duri               8  0.4%  0.25    +0.00
 31 teritett rebetli                        38  1.9%  0.63   +21.05

=== sweep done 2026 júl.  5 V 21:28:59 CEST ===
