=== exp40 train realistic head: duri_colored ===  data=duri_colored_real_p32.npz  N=10000  dim=36
  realistic make-rate=0.1333  dd-lost=0.9314  dd-lost&made=0.0649
  pos_weight=6.53  train=9000  val=1000
  ep  1  loss=1.2003  val_brier=0.2490  val_auc=0.7316
  ep  5  loss=1.0344  val_brier=0.1755  val_auc=0.7891
  ep 10  loss=0.8621  val_brier=0.1769  val_auc=0.8437
  ep 15  loss=0.7251  val_brier=0.1374  val_auc=0.8796
  ep 20  loss=0.6138  val_brier=0.1130  val_auc=0.8992
  ep 25  loss=0.5604  val_brier=0.0912  val_auc=0.9137
  ep 30  loss=0.4765  val_brier=0.1100  val_auc=0.9244
  ep 35  loss=0.4213  val_brier=0.0957  val_auc=0.9292
  ep 40  loss=0.3892  val_brier=0.0882  val_auc=0.9320

  REALISTIC head  best ep38  val_auc=0.9301  val_brier=0.0881  ECE_raw=0.0849  ECE_cal=0.0727
  reliability (calibrated):  [lo,hi)  mean_pred  emp_rate   n
    [0.0,0.1)   0.015     0.012     641
    [0.1,0.2)   0.146     0.077      52  <-- off
    [0.2,0.3)   0.249     0.214      42
    [0.3,0.4)   0.351     0.163      43  <-- off
    [0.4,0.5)   0.451     0.154      26  <-- off
    [0.5,0.6)   0.547     0.156      32  <-- off
    [0.6,0.7)   0.647     0.423      26  <-- off
    [0.7,0.8)   0.756     0.372      43  <-- off
    [0.8,0.9)   0.856     0.574      47  <-- off
    [0.9,1.0)   0.918     0.958      48

  GOD head 'duri_colored' (vs realistic outcome)  val_auc=0.9266  val_brier=0.0887  mean_pred=0.0507 vs actual make-rate 0.1370  → UNDER-predicts by 0.086
  GAP hands (dd-lost but realistically MADE): n=79 in val
    god head mean p      = 0.040
    realistic head mean p= 0.615

  saved duri_colored_real_baseline.pt + duri_colored_real_isotonic.npz
