=== exp40 train realistic head: duri_colored ===  data=duri_colored_real.npz  N=10000  dim=36
  realistic make-rate=0.1457  dd-lost=0.9300  dd-lost&made=0.0762
  pos_weight=5.81  train=9000  val=1000
  ep  1  loss=1.1807  val_brier=0.2495  val_auc=0.6944
  ep  5  loss=1.0157  val_brier=0.2098  val_auc=0.7469
  ep 10  loss=0.8711  val_brier=0.1740  val_auc=0.7901
  ep 15  loss=0.7424  val_brier=0.1816  val_auc=0.8418
  ep 20  loss=0.6546  val_brier=0.1607  val_auc=0.8632
  ep 25  loss=0.5767  val_brier=0.1176  val_auc=0.8864
  ep 30  loss=0.5313  val_brier=0.1170  val_auc=0.8991
  ep 35  loss=0.4669  val_brier=0.1002  val_auc=0.9064
  ep 40  loss=0.4296  val_brier=0.1147  val_auc=0.9143

  REALISTIC head  best ep32  val_auc=0.9037  val_brier=0.0992  ECE_raw=0.1019  ECE_cal=0.0883
  reliability (calibrated):  [lo,hi)  mean_pred  emp_rate   n
    [0.0,0.1)   0.020     0.014     574
    [0.1,0.2)   0.137     0.096      52
    [0.2,0.3)   0.250     0.099      71  <-- off
    [0.3,0.4)   0.349     0.130      54  <-- off
    [0.4,0.5)   0.445     0.111      45  <-- off
    [0.5,0.6)   0.543     0.381      42  <-- off
    [0.6,0.7)   0.654     0.326      46  <-- off
    [0.7,0.8)   0.752     0.404      47  <-- off
    [0.8,0.9)   0.866     0.768      69  <-- off

  GOD head 'duri_colored' (vs realistic outcome)  val_auc=0.9387  val_brier=0.0856  mean_pred=0.0520 vs actual make-rate 0.1350  → UNDER-predicts by 0.083
  GAP hands (dd-lost but realistically MADE): n=77 in val
    god head mean p      = 0.071
    realistic head mean p= 0.558

  saved duri_colored_real_baseline.pt + duri_colored_real_isotonic.npz
