=== exp40 train realistic head: parti ===  data=parti_real.npz  N=15000  dim=36
  realistic make-rate=0.6448  dd-lost=0.3128  dd-lost&made=0.0462
  pos_weight=0.55  train=13500  val=1500
  ep  1  loss=0.4916  val_brier=0.2465  val_auc=0.7633
  ep  5  loss=0.3860  val_brier=0.1878  val_auc=0.7988
  ep 10  loss=0.3518  val_brier=0.1629  val_auc=0.8295
  ep 15  loss=0.3150  val_brier=0.1536  val_auc=0.8559
  ep 20  loss=0.3003  val_brier=0.1475  val_auc=0.8612
  ep 25  loss=0.2936  val_brier=0.1573  val_auc=0.8638
  ep 30  loss=0.2861  val_brier=0.1500  val_auc=0.8642
  ep 35  loss=0.2764  val_brier=0.1533  val_auc=0.8644
  ep 40  loss=0.2713  val_brier=0.1547  val_auc=0.8633

  REALISTIC head  best ep20  val_auc=0.8612  val_brier=0.1475  ECE_raw=0.0605  ECE_cal=0.0704
  reliability (calibrated):  [lo,hi)  mean_pred  emp_rate   n
    [0.0,0.1)   0.037     0.019      54
    [0.1,0.2)   0.144     0.082      61  <-- off
    [0.2,0.3)   0.250     0.261      23
    [0.3,0.4)   0.345     0.270     185  <-- off
    [0.4,0.5)   0.458     0.400      20
    [0.5,0.6)   0.544     0.506     156
    [0.6,0.7)   0.654     0.650      20
    [0.7,0.8)   0.749     0.423      26  <-- off
    [0.8,0.9)   0.858     0.730     482  <-- off
    [0.9,1.0)   0.984     0.964     473

  GOD head 'parti' (vs realistic outcome)  val_auc=0.8218  val_brier=0.1773  mean_pred=0.6794 vs actual make-rate 0.6540  → over-predicts by 0.025
  GAP hands (dd-lost but realistically MADE): n=79 in val
    god head mean p      = 0.389
    realistic head mean p= 0.556

  saved parti_real_baseline.pt + parti_real_isotonic.npz
