[pipe] 20:17:39 waiting for datagen (pid 34573)…
[pipe] 21:57:11 datagen done. training head…
[pipe] 21:57:16 head trained. --- train report tail ---
  realistic make-rate=0.4199  dd-lost=0.7513  dd-lost&made=0.1752
  pos_weight=1.39  train=135000  val=15000
  ep  1  loss=0.5473  val_brier=0.1140  val_auc=0.9186
  ep  5  loss=0.4067  val_brier=0.1088  val_auc=0.9283
  ep 10  loss=0.3948  val_brier=0.1050  val_auc=0.9309
  ep 15  loss=0.3894  val_brier=0.1048  val_auc=0.9317
  ep 20  loss=0.3853  val_brier=0.1048  val_auc=0.9321
  ep 25  loss=0.3814  val_brier=0.1051  val_auc=0.9321
  ep 30  loss=0.3788  val_brier=0.1034  val_auc=0.9322

  REALISTIC head  best ep18  val_auc=0.9320  val_brier=0.1033  ECE_raw=0.0084  ECE_cal=0.0061
  GOD head (vs realistic outcome)  val_auc=0.9150  val_brier=0.2368  mean_pred=0.1513 vs actual make-rate 0.4260  → UNDER-predicts by 0.275

  IMPERFECT betli (dd-lost but realistically MADE): n=2700 in val
    god head mean p      = 0.144  (→ never bids these)
    realistic head mean p= 0.593  (→ can bid them)
    p>0.3:  god 17.0%   realistic 84.9%
    p>0.5:  god  7.2%   realistic 66.9%

  saved betli_real_baseline.pt + betli_real_isotonic.npz
[pipe] 21:57:16 MAIN tournament (DEF=pimc, deployed table)…
[pipe] 22:16:39 --- MAIN result ---
# exp37 — imperfect/bluff betli bidding tournament  (DEF=pimc)

1500 deals × 3 seats = 4500 seat-games. R = betli_real ON, C = deployed baseline (same frontier config otherwise). diff = GP(seat=R, opp=C) − GP(seat=C, all-C table).

## Headline
- **mean diff = +0.3076 GP/seat-deal   (t=+3.4, n=4500)**  → the GP gained by adopting betli_real vs the deployed baseline
- auction diverged (R bid a betli C wouldn't, or plain-vs-terített) on 279/4500 seat-deals (6.2%)
- GP actually changed on 268 seat-deals; mean diff there = +5.164

## The newly-unlocked betlis (R bid plain betli, C didn't): n=0
- (none)
- what C bid instead: 
[pipe] 22:16:39 ROBUSTNESS tournament (DEF=god, perfect defenders punish bluffs)…
[pipe] 22:32:20 --- ROBUSTNESS result ---
# exp37 — imperfect/bluff betli bidding tournament  (DEF=god)

1500 deals × 3 seats = 4500 seat-games. R = betli_real ON, C = deployed baseline (same frontier config otherwise). diff = GP(seat=R, opp=C) − GP(seat=C, all-C table).

## Headline
- **mean diff = -0.6013 GP/seat-deal   (t=-6.8, n=4500)**  → the GP gained by adopting betli_real vs the deployed baseline
- auction diverged (R bid a betli C wouldn't, or plain-vs-terített) on 279/4500 seat-deals (6.2%)
- GP actually changed on 273 seat-deals; mean diff there = -9.912

## The newly-unlocked betlis (R bid plain betli, C didn't): n=0
- (none)
- what C bid instead: 
[pipe] 22:32:20 PIPELINE DONE.
