exp37 betli-bidding tournament: 1500 deals × 3 seats  (DEF=god, R=betli_real ON vs C=baseline)
[tour] 25/1500 18s eta 18m divergences 4
[tour] 50/1500 33s eta 16m divergences 9
[tour] 75/1500 53s eta 17m divergences 11
[tour] 100/1500 72s eta 17m divergences 16
[tour] 125/1500 92s eta 17m divergences 18
[tour] 150/1500 107s eta 16m divergences 21
[tour] 175/1500 122s eta 15m divergences 23
[tour] 200/1500 136s eta 15m divergences 27
[tour] 225/1500 151s eta 14m divergences 34
[tour] 250/1500 163s eta 14m divergences 39
[tour] 275/1500 176s eta 13m divergences 49
[tour] 300/1500 190s eta 13m divergences 53
[tour] 325/1500 207s eta 12m divergences 59
[tour] 350/1500 224s eta 12m divergences 59
[tour] 375/1500 237s eta 12m divergences 65
[tour] 400/1500 252s eta 12m divergences 73
[tour] 425/1500 267s eta 11m divergences 78
[tour] 450/1500 280s eta 11m divergences 83
[tour] 475/1500 296s eta 11m divergences 88
[tour] 500/1500 308s eta 10m divergences 91
[tour] 525/1500 322s eta 10m divergences 96
[tour] 550/1500 337s eta 10m divergences 102
[tour] 575/1500 354s eta 9m divergences 106
[tour] 600/1500 369s eta 9m divergences 112
[tour] 625/1500 387s eta 9m divergences 118
[tour] 650/1500 402s eta 9m divergences 124
[tour] 675/1500 413s eta 8m divergences 129
[tour] 700/1500 427s eta 8m divergences 133
[tour] 725/1500 438s eta 8m divergences 135
[tour] 750/1500 454s eta 8m divergences 138
[tour] 775/1500 470s eta 7m divergences 143
[tour] 800/1500 488s eta 7m divergences 149
[tour] 825/1500 497s eta 7m divergences 154
[tour] 850/1500 519s eta 7m divergences 155
[tour] 875/1500 542s eta 6m divergences 162
[tour] 900/1500 558s eta 6m divergences 166
[tour] 925/1500 571s eta 6m divergences 172
[tour] 950/1500 588s eta 6m divergences 176
[tour] 975/1500 604s eta 5m divergences 179
[tour] 1000/1500 624s eta 5m divergences 183
[tour] 1025/1500 645s eta 5m divergences 186
[tour] 1050/1500 661s eta 5m divergences 192
[tour] 1075/1500 674s eta 4m divergences 198
[tour] 1100/1500 694s eta 4m divergences 201
[tour] 1125/1500 709s eta 4m divergences 208
[tour] 1150/1500 719s eta 4m divergences 210
[tour] 1175/1500 730s eta 3m divergences 214
[tour] 1200/1500 745s eta 3m divergences 217
[tour] 1225/1500 759s eta 3m divergences 221
[tour] 1250/1500 782s eta 3m divergences 226
[tour] 1275/1500 802s eta 2m divergences 226
[tour] 1300/1500 818s eta 2m divergences 234
[tour] 1325/1500 833s eta 2m divergences 243
[tour] 1350/1500 847s eta 2m divergences 252
[tour] 1375/1500 865s eta 1m divergences 255
[tour] 1400/1500 878s eta 1m divergences 258
[tour] 1425/1500 893s eta 1m divergences 262
[tour] 1450/1500 901s eta 1m divergences 268
[tour] 1475/1500 918s eta 0m divergences 270
[tour] 1500/1500 941s eta 0m divergences 279
done
# exp37 — imperfect/bluff betli bidding tournament  (DEF=god)

1500 deals × 3 seats = 4500 seat-games. R = betli_real ON, C = deployed baseline (same frontier config otherwise). diff = GP(seat=R, opp=C) − GP(seat=C, all-C table).

## Headline
- **mean diff = -0.6013 GP/seat-deal   (t=-6.8, n=4500)**  → the GP gained by adopting betli_real vs the deployed baseline
- auction diverged (R bid a betli C wouldn't, or plain-vs-terített) on 279/4500 seat-deals (6.2%)
- GP actually changed on 273 seat-deals; mean diff there = -9.912

## The newly-unlocked betlis (R bid plain betli, C didn't): n=0
- (none)
- what C bid instead: 

