exp37 betli-bidding tournament: 1500 deals × 3 seats  (DEF=god, R=betli_real ON vs C=baseline)
[tour] 25/1500 18s eta 18m divergences 3
[tour] 50/1500 33s eta 16m divergences 7
[tour] 75/1500 52s eta 16m divergences 9
[tour] 100/1500 72s eta 17m divergences 12
[tour] 125/1500 92s eta 17m divergences 13
[tour] 150/1500 106s eta 16m divergences 15
[tour] 175/1500 122s eta 15m divergences 15
[tour] 200/1500 136s eta 15m divergences 20
[tour] 225/1500 150s eta 14m divergences 24
[tour] 250/1500 163s eta 14m divergences 29
[tour] 275/1500 176s eta 13m divergences 36
[tour] 300/1500 190s eta 13m divergences 38
[tour] 325/1500 206s eta 12m divergences 42
[tour] 350/1500 223s eta 12m divergences 42
[tour] 375/1500 236s eta 12m divergences 44
[tour] 400/1500 251s eta 11m divergences 50
[tour] 425/1500 265s eta 11m divergences 53
[tour] 450/1500 277s eta 11m divergences 58
[tour] 475/1500 292s eta 11m divergences 63
[tour] 500/1500 306s eta 10m divergences 65
[tour] 525/1500 318s eta 10m divergences 68
[tour] 550/1500 334s eta 10m divergences 72
[tour] 575/1500 350s eta 9m divergences 75
[tour] 600/1500 365s eta 9m divergences 79
[tour] 625/1500 382s eta 9m divergences 84
[tour] 650/1500 395s eta 9m divergences 90
[tour] 675/1500 408s eta 8m divergences 92
[tour] 700/1500 421s eta 8m divergences 95
[tour] 725/1500 432s eta 8m divergences 95
[tour] 750/1500 447s eta 7m divergences 97
[tour] 775/1500 463s eta 7m divergences 101
[tour] 800/1500 480s eta 7m divergences 105
[tour] 825/1500 490s eta 7m divergences 108
[tour] 850/1500 511s eta 7m divergences 109
[tour] 875/1500 533s eta 6m divergences 114
[tour] 900/1500 549s eta 6m divergences 117
[tour] 925/1500 562s eta 6m divergences 122
[tour] 950/1500 579s eta 6m divergences 123
[tour] 975/1500 594s eta 5m divergences 126
[tour] 1000/1500 614s eta 5m divergences 130
[tour] 1025/1500 633s eta 5m divergences 132
[tour] 1050/1500 649s eta 5m divergences 138
[tour] 1075/1500 664s eta 4m divergences 142
[tour] 1100/1500 681s eta 4m divergences 145
[tour] 1125/1500 696s eta 4m divergences 149
[tour] 1150/1500 706s eta 4m divergences 150
[tour] 1175/1500 716s eta 3m divergences 153
[tour] 1200/1500 731s eta 3m divergences 154
[tour] 1225/1500 745s eta 3m divergences 156
[tour] 1250/1500 769s eta 3m divergences 160
[tour] 1275/1500 789s eta 2m divergences 160
[tour] 1300/1500 805s eta 2m divergences 165
[tour] 1325/1500 820s eta 2m divergences 171
[tour] 1350/1500 834s eta 2m divergences 179
[tour] 1375/1500 852s eta 1m divergences 182
[tour] 1400/1500 865s eta 1m divergences 185
[tour] 1425/1500 880s eta 1m divergences 187
[tour] 1450/1500 888s eta 1m divergences 191
[tour] 1475/1500 905s eta 0m divergences 192
[tour] 1500/1500 927s eta 0m divergences 197
done
# exp37 — imperfect/bluff betli bidding tournament  (DEF=god)

1500 deals × 3 seats = 4500 seat-games. R = betli_real ON, C = deployed baseline (same frontier config otherwise). diff = GP(seat=R, opp=C) − GP(seat=C, all-C table).

## Headline
- **mean diff = -0.1580 GP/seat-deal   (t=-2.4, n=4500)**  → the GP gained by adopting betli_real vs the deployed baseline
- auction diverged (R bid a betli C wouldn't, or plain-vs-terített) on 197/4500 seat-deals (4.4%)
- GP actually changed on 191 seat-deals; mean diff there = -3.723

## The newly-unlocked betlis (R bid plain betli, C didn't): n=107
- realised make-rate 21% (22/107 made)
- mean diff on those = -6.430 GP/seat-deal
- what C bid instead: ulti=49  pass=18  piros ulti=17  piros parti=7  20-100=3  piros 40-100=2

