  scanned 20/2000  kept 3  wall=0s
  scanned 40/2000  kept 8  wall=0s
  scanned 60/2000  kept 17  wall=0s
  scanned 80/2000  kept 25  wall=1s
  scanned 100/2000  kept 34  wall=1s
  scanned 120/2000  kept 46  wall=1s
  scanned 140/2000  kept 55  wall=1s
  scanned 160/2000  kept 65  wall=1s
  scanned 180/2000  kept 79  wall=1s
  scanned 200/2000  kept 88  wall=2s
  scanned 220/2000  kept 98  wall=2s
  scanned 240/2000  kept 104  wall=2s
  scanned 260/2000  kept 117  wall=2s
  scanned 280/2000  kept 128  wall=2s
  scanned 300/2000  kept 136  wall=2s
  scanned 320/2000  kept 145  wall=3s
  scanned 340/2000  kept 152  wall=3s
  scanned 360/2000  kept 160  wall=3s
  scanned 380/2000  kept 168  wall=3s
  scanned 400/2000  kept 178  wall=3s
  scanned 420/2000  kept 189  wall=3s
  scanned 440/2000  kept 198  wall=4s
  scanned 460/2000  kept 204  wall=4s
  scanned 480/2000  kept 213  wall=4s
  scanned 500/2000  kept 221  wall=4s
  scanned 520/2000  kept 229  wall=4s
  scanned 540/2000  kept 238  wall=4s
  scanned 560/2000  kept 248  wall=5s
  scanned 580/2000  kept 258  wall=5s
  scanned 600/2000  kept 267  wall=5s
  scanned 620/2000  kept 275  wall=5s
  scanned 640/2000  kept 281  wall=5s
  scanned 660/2000  kept 289  wall=5s
  scanned 680/2000  kept 298  wall=5s
  scanned 700/2000  kept 302  wall=6s
  scanned 720/2000  kept 310  wall=6s
  scanned 740/2000  kept 321  wall=6s
  scanned 760/2000  kept 331  wall=6s
  scanned 780/2000  kept 339  wall=6s
  scanned 800/2000  kept 348  wall=6s
  scanned 820/2000  kept 359  wall=6s
  scanned 840/2000  kept 369  wall=7s
  scanned 860/2000  kept 377  wall=7s
  scanned 880/2000  kept 385  wall=7s
  scanned 900/2000  kept 391  wall=7s
  scanned 920/2000  kept 403  wall=7s
  scanned 940/2000  kept 411  wall=7s
  scanned 960/2000  kept 421  wall=7s
  scanned 980/2000  kept 430  wall=8s
  scanned 1000/2000  kept 434  wall=8s
  scanned 1020/2000  kept 440  wall=8s
  scanned 1040/2000  kept 448  wall=8s
  scanned 1060/2000  kept 455  wall=8s
  scanned 1080/2000  kept 467  wall=8s
  scanned 1100/2000  kept 475  wall=8s
  scanned 1120/2000  kept 485  wall=9s
  scanned 1140/2000  kept 493  wall=9s
  scanned 1160/2000  kept 502  wall=9s
  scanned 1180/2000  kept 511  wall=9s
  scanned 1200/2000  kept 520  wall=9s
  scanned 1220/2000  kept 534  wall=10s
  scanned 1240/2000  kept 544  wall=10s
  scanned 1260/2000  kept 551  wall=10s
  scanned 1280/2000  kept 559  wall=10s
  scanned 1300/2000  kept 569  wall=10s
  scanned 1320/2000  kept 581  wall=11s
  scanned 1340/2000  kept 590  wall=11s
  scanned 1360/2000  kept 598  wall=11s
  scanned 1380/2000  kept 605  wall=11s
  scanned 1400/2000  kept 618  wall=11s
  scanned 1420/2000  kept 629  wall=12s
  scanned 1440/2000  kept 639  wall=12s
  scanned 1460/2000  kept 648  wall=12s
  scanned 1480/2000  kept 654  wall=12s
  scanned 1500/2000  kept 658  wall=13s
  scanned 1520/2000  kept 668  wall=13s
  scanned 1540/2000  kept 676  wall=13s
  scanned 1560/2000  kept 689  wall=13s
  scanned 1580/2000  kept 700  wall=14s
  scanned 1600/2000  kept 710  wall=14s
  scanned 1620/2000  kept 717  wall=14s
  scanned 1640/2000  kept 725  wall=14s
  scanned 1660/2000  kept 731  wall=14s
  scanned 1680/2000  kept 737  wall=15s
  scanned 1700/2000  kept 747  wall=15s
  scanned 1720/2000  kept 753  wall=15s
  scanned 1740/2000  kept 763  wall=15s
  scanned 1760/2000  kept 771  wall=15s
  scanned 1780/2000  kept 785  wall=15s
  scanned 1800/2000  kept 795  wall=16s
  scanned 1820/2000  kept 803  wall=16s
  scanned 1840/2000  kept 812  wall=16s
  scanned 1860/2000  kept 821  wall=16s
  scanned 1880/2000  kept 827  wall=16s
  scanned 1900/2000  kept 841  wall=16s
  scanned 1920/2000  kept 851  wall=17s
  scanned 1940/2000  kept 864  wall=17s
  scanned 1960/2000  kept 874  wall=17s
  scanned 1980/2000  kept 882  wall=17s
  scanned 2000/2000  kept 894  wall=18s

GOD soloist vs god-parti defenders | kept 894/2000 marriage deals (40:286, 20:674)  wall=18s

=== A god[parti] ===
  parti WR 0.663 | silent-ulti 0.031 | reached100 0.209 | 40-100 0.095 | 20-100 0.095 | DURI 0.066 | GP/def +1.169 ± 2.297

=== B god+ulti ===
  parti WR 0.666 | silent-ulti 0.581 | reached100 0.305 | 40-100 0.170 | 20-100 0.105 | DURI 0.056 | GP/def +2.421 ± 2.926

=== C god+ulti+100 ===
  parti WR 0.666 | silent-ulti 0.569 | reached100 0.351 | 40-100 0.182 | 20-100 0.136 | DURI 0.054 | GP/def +2.541 ± 2.970

=== D god+ulti+100+duri ===
  parti WR 0.666 | silent-ulti 0.569 | reached100 0.351 | 40-100 0.182 | 20-100 0.136 | DURI 0.054 | GP/def +2.541 ± 2.970

=== effects (god soloist, corrected oracle) ===
  B − A (silent-ulti): +1.252  t=+23.56
  C − B (silent-100):  +0.121  t=+4.92
  D − C (silent-duri): +0.000  t=+0.00
