  scanned 40/2000  kept 30  wall=0s
  scanned 80/2000  kept 63  wall=1s
  scanned 120/2000  kept 93  wall=1s
  scanned 160/2000  kept 124  wall=1s
  scanned 200/2000  kept 152  wall=1s
  scanned 240/2000  kept 176  wall=1s
  scanned 280/2000  kept 207  wall=2s
  scanned 320/2000  kept 237  wall=2s
  scanned 360/2000  kept 262  wall=2s
  scanned 400/2000  kept 290  wall=2s
  scanned 440/2000  kept 317  wall=2s
  scanned 480/2000  kept 340  wall=3s
  scanned 520/2000  kept 371  wall=3s
  scanned 560/2000  kept 398  wall=3s
  scanned 600/2000  kept 427  wall=3s
  scanned 640/2000  kept 456  wall=4s
  scanned 680/2000  kept 487  wall=4s
  scanned 720/2000  kept 512  wall=4s
  scanned 760/2000  kept 543  wall=4s
  scanned 800/2000  kept 572  wall=4s
  scanned 840/2000  kept 603  wall=4s
  scanned 880/2000  kept 637  wall=5s
  scanned 920/2000  kept 670  wall=5s
  scanned 960/2000  kept 695  wall=5s
  scanned 1000/2000  kept 725  wall=5s
  scanned 1040/2000  kept 752  wall=6s
  scanned 1080/2000  kept 782  wall=6s
  scanned 1120/2000  kept 814  wall=6s
  scanned 1160/2000  kept 844  wall=6s
  scanned 1200/2000  kept 872  wall=6s
  scanned 1240/2000  kept 900  wall=7s
  scanned 1280/2000  kept 932  wall=7s
  scanned 1320/2000  kept 963  wall=7s
  scanned 1360/2000  kept 991  wall=7s
  scanned 1400/2000  kept 1018  wall=8s
  scanned 1440/2000  kept 1050  wall=8s
  scanned 1480/2000  kept 1080  wall=8s
  scanned 1520/2000  kept 1114  wall=8s
  scanned 1560/2000  kept 1141  wall=8s
  scanned 1600/2000  kept 1173  wall=9s
  scanned 1640/2000  kept 1197  wall=9s
  scanned 1680/2000  kept 1219  wall=9s
  scanned 1720/2000  kept 1249  wall=9s
  scanned 1760/2000  kept 1281  wall=9s
  scanned 1800/2000  kept 1314  wall=10s
  scanned 1840/2000  kept 1343  wall=10s
  scanned 1880/2000  kept 1372  wall=10s
  scanned 1920/2000  kept 1396  wall=10s
  scanned 1960/2000  kept 1429  wall=11s
  scanned 2000/2000  kept 1457  wall=11s

god-parti sol vs god defenders | kept 1457/2000 deals (a defender holds the trump-7)  wall=11s

=== A defenders god[parti] ===
  sol parti WR 0.686 | DEF silent-ulti 0.002 | DEF bukott 0.001 | 7 in trick10 0.003 | sol GP/def +0.880 ± 1.793

=== B defenders god[parti+silent_ulti] ===
  sol parti WR 0.686 | DEF silent-ulti 0.100 | DEF bukott 0.000 | 7 in trick10 0.100 | sol GP/def +0.681 ± 2.042

=== B − A (defender silent-ulti awareness, sol GP/def) ===
  -0.199  t=-12.59   (negative = defenders gained)
